------------------------------------------------------------
TimeQuest Timing Analyzer Summary
------------------------------------------------------------

Type  : Slow Model Setup 'mclk|altpll_component|pll|clk[1]'
Slack : 0.669
TNS   : 0.000

Type  : Slow Model Setup 'mclk|altpll_component|pll|clk[0]'
Slack : 2.867
TNS   : 0.000

Type  : Slow Model Setup 'CLOCK_50'
Slack : 15.563
TNS   : 0.000

Type  : Slow Model Hold 'CLOCK_50'
Slack : 0.445
TNS   : 0.000

Type  : Slow Model Hold 'mclk|altpll_component|pll|clk[0]'
Slack : 0.445
TNS   : 0.000

Type  : Slow Model Hold 'mclk|altpll_component|pll|clk[1]'
Slack : 0.445
TNS   : 0.000

Type  : Slow Model Recovery 'mclk|altpll_component|pll|clk[0]'
Slack : 1.048
TNS   : 0.000

Type  : Slow Model Removal 'mclk|altpll_component|pll|clk[0]'
Slack : 3.704
TNS   : 0.000

Type  : Slow Model Minimum Pulse Width 'mclk|altpll_component|pll|clk[1]'
Slack : 3.889
TNS   : 0.000

Type  : Slow Model Minimum Pulse Width 'key0_clock'
Slack : 7.531
TNS   : 0.000

Type  : Slow Model Minimum Pulse Width 'CLOCK_50'
Slack : 8.889
TNS   : 0.000

Type  : Slow Model Minimum Pulse Width 'mclk|altpll_component|pll|clk[0]'
Slack : 11.389
TNS   : 0.000

Type  : Fast Model Setup 'mclk|altpll_component|pll|clk[1]'
Slack : 2.766
TNS   : 0.000

Type  : Fast Model Setup 'mclk|altpll_component|pll|clk[0]'
Slack : 4.119
TNS   : 0.000

Type  : Fast Model Setup 'CLOCK_50'
Slack : 17.817
TNS   : 0.000

Type  : Fast Model Hold 'CLOCK_50'
Slack : 0.215
TNS   : 0.000

Type  : Fast Model Hold 'mclk|altpll_component|pll|clk[0]'
Slack : 0.215
TNS   : 0.000

Type  : Fast Model Hold 'mclk|altpll_component|pll|clk[1]'
Slack : 0.215
TNS   : 0.000

Type  : Fast Model Recovery 'mclk|altpll_component|pll|clk[0]'
Slack : 2.809
TNS   : 0.000

Type  : Fast Model Removal 'mclk|altpll_component|pll|clk[0]'
Slack : 2.071
TNS   : 0.000

Type  : Fast Model Minimum Pulse Width 'mclk|altpll_component|pll|clk[1]'
Slack : 4.000
TNS   : 0.000

Type  : Fast Model Minimum Pulse Width 'key0_clock'
Slack : 7.778
TNS   : 0.000

Type  : Fast Model Minimum Pulse Width 'CLOCK_50'
Slack : 9.000
TNS   : 0.000

Type  : Fast Model Minimum Pulse Width 'mclk|altpll_component|pll|clk[0]'
Slack : 11.500
TNS   : 0.000

------------------------------------------------------------
