Modules list:
-------------
test-dir.c.1628.0.o:
    CODE              Offs=000000  Size=000850  Align=00001  Fill=0000
    RODATA            Offs=000000  Size=0004B5  Align=00001  Fill=0000
    BSS               Offs=000000  Size=000000  Align=00001  Fill=0000
    DATA              Offs=000000  Size=000018  Align=00001  Fill=0000
    ZEROPAGE          Offs=000000  Size=000000  Align=00001  Fill=0000
    NULL              Offs=000000  Size=000000  Align=00001  Fill=0000
/home/didier/Developments/6502/max6502/lib/fatfs.lib(ff.o):
    CODE              Offs=000850  Size=0049C5  Align=00001  Fill=0000
    RODATA            Offs=0004B5  Size=000098  Align=00001  Fill=0000
    BSS               Offs=000000  Size=000004  Align=00001  Fill=0000
    DATA              Offs=000018  Size=000000  Align=00001  Fill=0000
    ZEROPAGE          Offs=000000  Size=000000  Align=00001  Fill=0000
    NULL              Offs=000000  Size=000000  Align=00001  Fill=0000
/home/didier/Developments/6502/max6502/lib/fatfs.lib(diskio.o):
    CODE              Offs=005215  Size=0001E4  Align=00001  Fill=0000
    RODATA            Offs=00054D  Size=000000  Align=00001  Fill=0000
    BSS               Offs=000004  Size=000000  Align=00001  Fill=0000
    DATA              Offs=000018  Size=000003  Align=00001  Fill=0000
    ZEROPAGE          Offs=000000  Size=000000  Align=00001  Fill=0000
    NULL              Offs=000000  Size=000000  Align=00001  Fill=0000
/home/didier/Developments/6502/max6502/lib/sdcard.lib(sdcard.o):
    CODE              Offs=0053F9  Size=0008F6  Align=00001  Fill=0000
    RODATA            Offs=00054D  Size=0001DA  Align=00001  Fill=0000
    BSS               Offs=000004  Size=000001  Align=00001  Fill=0000
    DATA              Offs=00001B  Size=000000  Align=00001  Fill=0000
    ZEROPAGE          Offs=000000  Size=000000  Align=00001  Fill=0000
    NULL              Offs=000000  Size=000000  Align=00001  Fill=0000
/home/didier/Developments/6502/max6502/lib/spi.lib(spi.o):
    CODE              Offs=005CEF  Size=0000EF  Align=00001  Fill=0000
    RODATA            Offs=000727  Size=000030  Align=00001  Fill=0000
    BSS               Offs=000005  Size=000000  Align=00001  Fill=0000
    DATA              Offs=00001B  Size=000000  Align=00001  Fill=0000
    ZEROPAGE          Offs=000000  Size=000000  Align=00001  Fill=0000
    NULL              Offs=000000  Size=000000  Align=00001  Fill=0000
/home/didier/Developments/6502/max6502/lib/timer.lib(timer.o):
    CODE              Offs=005DDE  Size=00021C  Align=00001  Fill=0000
    RODATA            Offs=000757  Size=000000  Align=00001  Fill=0000
    BSS               Offs=000005  Size=000000  Align=00001  Fill=0000
    DATA              Offs=00001B  Size=000000  Align=00001  Fill=0000
    ZEROPAGE          Offs=000000  Size=000000  Align=00001  Fill=0000
    NULL              Offs=000000  Size=000000  Align=00001  Fill=0000
/usr/local/share/cc65/lib/max6502.lib(_directerrno.o):
    CODE              Offs=005FFA  Size=00000A  Align=00001  Fill=0000
    RODATA            Offs=000757  Size=000000  Align=00001  Fill=0000
    BSS               Offs=000005  Size=000000  Align=00001  Fill=0000
    DATA              Offs=00001B  Size=000000  Align=00001  Fill=0000
    ZEROPAGE          Offs=000000  Size=000000  Align=00001  Fill=0000
    NULL              Offs=000000  Size=000000  Align=00001  Fill=0000
/usr/local/share/cc65/lib/max6502.lib(_file.o):
    CODE              Offs=006004  Size=000000  Align=00001  Fill=0000
    RODATA            Offs=000757  Size=000000  Align=00001  Fill=0000
    BSS               Offs=000005  Size=000000  Align=00001  Fill=0000
    DATA              Offs=00001B  Size=00001E  Align=00001  Fill=0000
    ZEROPAGE          Offs=000000  Size=000000  Align=00001  Fill=0000
    NULL              Offs=000000  Size=000000  Align=00001  Fill=0000
/usr/local/share/cc65/lib/max6502.lib(_hextab.o):
    CODE              Offs=006004  Size=000000  Align=00001  Fill=0000
    RODATA            Offs=000757  Size=000010  Align=00001  Fill=0000
    BSS               Offs=000005  Size=000000  Align=00001  Fill=0000
    DATA              Offs=000039  Size=000000  Align=00001  Fill=0000
    ZEROPAGE          Offs=000000  Size=000000  Align=00001  Fill=0000
    NULL              Offs=000000  Size=000000  Align=00001  Fill=0000
/usr/local/share/cc65/lib/max6502.lib(_longminstr.o):
    CODE              Offs=006004  Size=000000  Align=00001  Fill=0000
    RODATA            Offs=000767  Size=00000C  Align=00001  Fill=0000
    BSS               Offs=000005  Size=000000  Align=00001  Fill=0000
    DATA              Offs=000039  Size=000000  Align=00001  Fill=0000
    ZEROPAGE          Offs=000000  Size=000000  Align=00001  Fill=0000
    NULL              Offs=000000  Size=000000  Align=00001  Fill=0000
/usr/local/share/cc65/lib/max6502.lib(_oserror.o):
    CODE              Offs=006004  Size=000000  Align=00001  Fill=0000
    RODATA            Offs=000773  Size=000000  Align=00001  Fill=0000
    BSS               Offs=000005  Size=000001  Align=00001  Fill=0000
    DATA              Offs=000039  Size=000000  Align=00001  Fill=0000
    ZEROPAGE          Offs=000000  Size=000000  Align=00001  Fill=0000
    NULL              Offs=000000  Size=000000  Align=00001  Fill=0000
/usr/local/share/cc65/lib/max6502.lib(_printf.o):
    CODE              Offs=006004  Size=0003A2  Align=00001  Fill=0000
    RODATA            Offs=000773  Size=000000  Align=00001  Fill=0000
    BSS               Offs=000006  Size=00002B  Align=00001  Fill=0000
    DATA              Offs=000039  Size=000003  Align=00001  Fill=0000
    ZEROPAGE          Offs=000000  Size=000000  Align=00001  Fill=0000
    NULL              Offs=000000  Size=000000  Align=00001  Fill=0000
/usr/local/share/cc65/lib/max6502.lib(_seterrno.o):
    CODE              Offs=0063A6  Size=000009  Align=00001  Fill=0000
    RODATA            Offs=000773  Size=000000  Align=00001  Fill=0000
    BSS               Offs=000031  Size=000000  Align=00001  Fill=0000
    DATA              Offs=00003C  Size=000000  Align=00001  Fill=0000
    ZEROPAGE          Offs=000000  Size=000000  Align=00001  Fill=0000
    NULL              Offs=000000  Size=000000  Align=00001  Fill=0000
/usr/local/share/cc65/lib/max6502.lib(add.o):
    CODE              Offs=0063AF  Size=00001C  Align=00001  Fill=0000
    RODATA            Offs=000773  Size=000000  Align=00001  Fill=0000
    BSS               Offs=000031  Size=000000  Align=00001  Fill=0000
    DATA              Offs=00003C  Size=000000  Align=00001  Fill=0000
    ZEROPAGE          Offs=000000  Size=000000  Align=00001  Fill=0000
    NULL              Offs=000000  Size=000000  Align=00001  Fill=0000
/usr/local/share/cc65/lib/max6502.lib(addeqsp.o):
    CODE              Offs=0063CB  Size=000011  Align=00001  Fill=0000
    RODATA            Offs=000773  Size=000000  Align=00001  Fill=0000
    BSS               Offs=000031  Size=000000  Align=00001  Fill=0000
    DATA              Offs=00003C  Size=000000  Align=00001  Fill=0000
    ZEROPAGE          Offs=000000  Size=000000  Align=00001  Fill=0000
    NULL              Offs=000000  Size=000000  Align=00001  Fill=0000
/usr/local/share/cc65/lib/max6502.lib(addysp.o):
    CODE              Offs=0063DC  Size=00000E  Align=00001  Fill=0000
    RODATA            Offs=000773  Size=000000  Align=00001  Fill=0000
    BSS               Offs=000031  Size=000000  Align=00001  Fill=0000
    DATA              Offs=00003C  Size=000000  Align=00001  Fill=0000
    ZEROPAGE          Offs=000000  Size=000000  Align=00001  Fill=0000
    NULL              Offs=000000  Size=000000  Align=00001  Fill=0000
/usr/local/share/cc65/lib/max6502.lib(aslax1.o):
    CODE              Offs=0063EA  Size=000008  Align=00001  Fill=0000
    RODATA            Offs=000773  Size=000000  Align=00001  Fill=0000
    BSS               Offs=000031  Size=000000  Align=00001  Fill=0000
    DATA              Offs=00003C  Size=000000  Align=00001  Fill=0000
    ZEROPAGE          Offs=000000  Size=000000  Align=00001  Fill=0000
    NULL              Offs=000000  Size=000000  Align=00001  Fill=0000
/usr/local/share/cc65/lib/max6502.lib(aslax2.o):
    CODE              Offs=0063F2  Size=00000B  Align=00001  Fill=0000
    RODATA            Offs=000773  Size=000000  Align=00001  Fill=0000
    BSS               Offs=000031  Size=000000  Align=00001  Fill=0000
    DATA              Offs=00003C  Size=000000  Align=00001  Fill=0000
    ZEROPAGE          Offs=000000  Size=000000  Align=00001  Fill=0000
    NULL              Offs=000000  Size=000000  Align=00001  Fill=0000
/usr/local/share/cc65/lib/max6502.lib(aslax3.o):
    CODE              Offs=0063FD  Size=00000E  Align=00001  Fill=0000
    RODATA            Offs=000773  Size=000000  Align=00001  Fill=0000
    BSS               Offs=000031  Size=000000  Align=00001  Fill=0000
    DATA              Offs=00003C  Size=000000  Align=00001  Fill=0000
    ZEROPAGE          Offs=000000  Size=000000  Align=00001  Fill=0000
    NULL              Offs=000000  Size=000000  Align=00001  Fill=0000
/usr/local/share/cc65/lib/max6502.lib(aslax4.o):
    CODE              Offs=00640B  Size=000011  Align=00001  Fill=0000
    RODATA            Offs=000773  Size=000000  Align=00001  Fill=0000
    BSS               Offs=000031  Size=000000  Align=00001  Fill=0000
    DATA              Offs=00003C  Size=000000  Align=00001  Fill=0000
    ZEROPAGE          Offs=000000  Size=000000  Align=00001  Fill=0000
    NULL              Offs=000000  Size=000000  Align=00001  Fill=0000
/usr/local/share/cc65/lib/max6502.lib(asleax1.o):
    CODE              Offs=00641C  Size=00000C  Align=00001  Fill=0000
    RODATA            Offs=000773  Size=000000  Align=00001  Fill=0000
    BSS               Offs=000031  Size=000000  Align=00001  Fill=0000
    DATA              Offs=00003C  Size=000000  Align=00001  Fill=0000
    ZEROPAGE          Offs=000000  Size=000000  Align=00001  Fill=0000
    NULL              Offs=000000  Size=000000  Align=00001  Fill=0000
/usr/local/share/cc65/lib/max6502.lib(asleax2.o):
    CODE              Offs=006428  Size=000013  Align=00001  Fill=0000
    RODATA            Offs=000773  Size=000000  Align=00001  Fill=0000
    BSS               Offs=000031  Size=000000  Align=00001  Fill=0000
    DATA              Offs=00003C  Size=000000  Align=00001  Fill=0000
    ZEROPAGE          Offs=000000  Size=000000  Align=00001  Fill=0000
    NULL              Offs=000000  Size=000000  Align=00001  Fill=0000
/usr/local/share/cc65/lib/max6502.lib(axlong.o):
    CODE              Offs=00643B  Size=00000D  Align=00001  Fill=0000
    RODATA            Offs=000773  Size=000000  Align=00001  Fill=0000
    BSS               Offs=000031  Size=000000  Align=00001  Fill=0000
    DATA              Offs=00003C  Size=000000  Align=00001  Fill=0000
    ZEROPAGE          Offs=000000  Size=000000  Align=00001  Fill=0000
    NULL              Offs=000000  Size=000000  Align=00001  Fill=0000
/usr/local/share/cc65/lib/max6502.lib(checkferror.o):
    CODE              Offs=006448  Size=00000C  Align=00001  Fill=0000
    RODATA            Offs=000773  Size=000000  Align=00001  Fill=0000
    BSS               Offs=000031  Size=000000  Align=00001  Fill=0000
    DATA              Offs=00003C  Size=000000  Align=00001  Fill=0000
    ZEROPAGE          Offs=000000  Size=000000  Align=00001  Fill=0000
    NULL              Offs=000000  Size=000000  Align=00001  Fill=0000
/usr/local/share/cc65/lib/max6502.lib(condes.o):
    CODE              Offs=006454  Size=00000C  Align=00001  Fill=0000
    RODATA            Offs=000773  Size=000000  Align=00001  Fill=0000
    BSS               Offs=000031  Size=000000  Align=00001  Fill=0000
    DATA              Offs=00003C  Size=000025  Align=00001  Fill=0000
    ZEROPAGE          Offs=000000  Size=000000  Align=00001  Fill=0000
    NULL              Offs=000000  Size=000000  Align=00001  Fill=0000
    ONCE              Offs=000000  Size=00000C  Align=00001  Fill=0000
/usr/local/share/cc65/lib/max6502.lib(copydata.o):
    CODE              Offs=006460  Size=00002D  Align=00001  Fill=0000
    RODATA            Offs=000773  Size=000000  Align=00001  Fill=0000
    BSS               Offs=000031  Size=000000  Align=00001  Fill=0000
    DATA              Offs=000061  Size=000000  Align=00001  Fill=0000
    ZEROPAGE          Offs=000000  Size=000000  Align=00001  Fill=0000
    NULL              Offs=000000  Size=000000  Align=00001  Fill=0000
/usr/local/share/cc65/lib/max6502.lib(crt0.o):
    CODE              Offs=00648D  Size=000000  Align=00001  Fill=0000
    RODATA            Offs=000773  Size=000000  Align=00001  Fill=0000
    BSS               Offs=000031  Size=000000  Align=00001  Fill=0000
    DATA              Offs=000061  Size=000000  Align=00001  Fill=0000
    ZEROPAGE          Offs=000000  Size=000000  Align=00001  Fill=0000
    NULL              Offs=000000  Size=000000  Align=00001  Fill=0000
    STARTUP           Offs=000000  Size=00001D  Align=00001  Fill=0000
/usr/local/share/cc65/lib/max6502.lib(ctype.o):
    CODE              Offs=00648D  Size=000000  Align=00001  Fill=0000
    RODATA            Offs=000773  Size=00008B  Align=00001  Fill=0000
    BSS               Offs=000031  Size=000000  Align=00001  Fill=0000
    DATA              Offs=000061  Size=000000  Align=00001  Fill=0000
    ZEROPAGE          Offs=000000  Size=000000  Align=00001  Fill=0000
    NULL              Offs=000000  Size=000000  Align=00001  Fill=0000
/usr/local/share/cc65/lib/max6502.lib(ctypemask.o):
    CODE              Offs=00648D  Size=00001E  Align=00001  Fill=0000
    RODATA            Offs=0007FE  Size=000000  Align=00001  Fill=0000
    BSS               Offs=000031  Size=000000  Align=00001  Fill=0000
    DATA              Offs=000061  Size=000000  Align=00001  Fill=0000
    ZEROPAGE          Offs=000000  Size=000000  Align=00001  Fill=0000
    NULL              Offs=000000  Size=000000  Align=00001  Fill=0000
/usr/local/share/cc65/lib/max6502.lib(decax1.o):
    CODE              Offs=0064AB  Size=000007  Align=00001  Fill=0000
    RODATA            Offs=0007FE  Size=000000  Align=00001  Fill=0000
    BSS               Offs=000031  Size=000000  Align=00001  Fill=0000
    DATA              Offs=000061  Size=000000  Align=00001  Fill=0000
    ZEROPAGE          Offs=000000  Size=000000  Align=00001  Fill=0000
    NULL              Offs=000000  Size=000000  Align=00001  Fill=0000
/usr/local/share/cc65/lib/max6502.lib(decaxy.o):
    CODE              Offs=0064B2  Size=000009  Align=00001  Fill=0000
    RODATA            Offs=0007FE  Size=000000  Align=00001  Fill=0000
    BSS               Offs=000031  Size=000000  Align=00001  Fill=0000
    DATA              Offs=000061  Size=000000  Align=00001  Fill=0000
    ZEROPAGE          Offs=000000  Size=000000  Align=00001  Fill=0000
    NULL              Offs=000000  Size=000000  Align=00001  Fill=0000
/usr/local/share/cc65/lib/max6502.lib(decsp1.o):
    CODE              Offs=0064BB  Size=000009  Align=00001  Fill=0000
    RODATA            Offs=0007FE  Size=000000  Align=00001  Fill=0000
    BSS               Offs=000031  Size=000000  Align=00001  Fill=0000
    DATA              Offs=000061  Size=000000  Align=00001  Fill=0000
    ZEROPAGE          Offs=000000  Size=000000  Align=00001  Fill=0000
    NULL              Offs=000000  Size=000000  Align=00001  Fill=0000
/usr/local/share/cc65/lib/max6502.lib(decsp2.o):
    CODE              Offs=0064C4  Size=00000D  Align=00001  Fill=0000
    RODATA            Offs=0007FE  Size=000000  Align=00001  Fill=0000
    BSS               Offs=000031  Size=000000  Align=00001  Fill=0000
    DATA              Offs=000061  Size=000000  Align=00001  Fill=0000
    ZEROPAGE          Offs=000000  Size=000000  Align=00001  Fill=0000
    NULL              Offs=000000  Size=000000  Align=00001  Fill=0000
/usr/local/share/cc65/lib/max6502.lib(decsp3.o):
    CODE              Offs=0064D1  Size=00000D  Align=00001  Fill=0000
    RODATA            Offs=0007FE  Size=000000  Align=00001  Fill=0000
    BSS               Offs=000031  Size=000000  Align=00001  Fill=0000
    DATA              Offs=000061  Size=000000  Align=00001  Fill=0000
    ZEROPAGE          Offs=000000  Size=000000  Align=00001  Fill=0000
    NULL              Offs=000000  Size=000000  Align=00001  Fill=0000
/usr/local/share/cc65/lib/max6502.lib(decsp4.o):
    CODE              Offs=0064DE  Size=00000D  Align=00001  Fill=0000
    RODATA            Offs=0007FE  Size=000000  Align=00001  Fill=0000
    BSS               Offs=000031  Size=000000  Align=00001  Fill=0000
    DATA              Offs=000061  Size=000000  Align=00001  Fill=0000
    ZEROPAGE          Offs=000000  Size=000000  Align=00001  Fill=0000
    NULL              Offs=000000  Size=000000  Align=00001  Fill=0000
/usr/local/share/cc65/lib/max6502.lib(decsp5.o):
    CODE              Offs=0064EB  Size=00000D  Align=00001  Fill=0000
    RODATA            Offs=0007FE  Size=000000  Align=00001  Fill=0000
    BSS               Offs=000031  Size=000000  Align=00001  Fill=0000
    DATA              Offs=000061  Size=000000  Align=00001  Fill=0000
    ZEROPAGE          Offs=000000  Size=000000  Align=00001  Fill=0000
    NULL              Offs=000000  Size=000000  Align=00001  Fill=0000
/usr/local/share/cc65/lib/max6502.lib(decsp6.o):
    CODE              Offs=0064F8  Size=00000D  Align=00001  Fill=0000
    RODATA            Offs=0007FE  Size=000000  Align=00001  Fill=0000
    BSS               Offs=000031  Size=000000  Align=00001  Fill=0000
    DATA              Offs=000061  Size=000000  Align=00001  Fill=0000
    ZEROPAGE          Offs=000000  Size=000000  Align=00001  Fill=0000
    NULL              Offs=000000  Size=000000  Align=00001  Fill=0000
/usr/local/share/cc65/lib/max6502.lib(decsp7.o):
    CODE              Offs=006505  Size=00000D  Align=00001  Fill=0000
    RODATA            Offs=0007FE  Size=000000  Align=00001  Fill=0000
    BSS               Offs=000031  Size=000000  Align=00001  Fill=0000
    DATA              Offs=000061  Size=000000  Align=00001  Fill=0000
    ZEROPAGE          Offs=000000  Size=000000  Align=00001  Fill=0000
    NULL              Offs=000000  Size=000000  Align=00001  Fill=0000
/usr/local/share/cc65/lib/max6502.lib(decsp8.o):
    CODE              Offs=006512  Size=00000D  Align=00001  Fill=0000
    RODATA            Offs=0007FE  Size=000000  Align=00001  Fill=0000
    BSS               Offs=000031  Size=000000  Align=00001  Fill=0000
    DATA              Offs=000061  Size=000000  Align=00001  Fill=0000
    ZEROPAGE          Offs=000000  Size=000000  Align=00001  Fill=0000
    NULL              Offs=000000  Size=000000  Align=00001  Fill=0000
/usr/local/share/cc65/lib/max6502.lib(div.o):
    CODE              Offs=00651F  Size=000015  Align=00001  Fill=0000
    RODATA            Offs=0007FE  Size=000000  Align=00001  Fill=0000
    BSS               Offs=000031  Size=000000  Align=00001  Fill=0000
    DATA              Offs=000061  Size=000000  Align=00001  Fill=0000
    ZEROPAGE          Offs=000000  Size=000000  Align=00001  Fill=0000
    NULL              Offs=000000  Size=000000  Align=00001  Fill=0000
/usr/local/share/cc65/lib/max6502.lib(errno.o):
    CODE              Offs=006534  Size=000000  Align=00001  Fill=0000
    RODATA            Offs=0007FE  Size=000000  Align=00001  Fill=0000
    BSS               Offs=000031  Size=000002  Align=00001  Fill=0000
    DATA              Offs=000061  Size=000000  Align=00001  Fill=0000
    ZEROPAGE          Offs=000000  Size=000000  Align=00001  Fill=0000
    NULL              Offs=000000  Size=000000  Align=00001  Fill=0000
/usr/local/share/cc65/lib/max6502.lib(fgetc.o):
    CODE              Offs=006534  Size=00005F  Align=00001  Fill=0000
    RODATA            Offs=0007FE  Size=000000  Align=00001  Fill=0000
    BSS               Offs=000033  Size=000001  Align=00001  Fill=0000
    DATA              Offs=000061  Size=000000  Align=00001  Fill=0000
    ZEROPAGE          Offs=000000  Size=000000  Align=00001  Fill=0000
    NULL              Offs=000000  Size=000000  Align=00001  Fill=0000
/usr/local/share/cc65/lib/max6502.lib(fwrite.o):
    CODE              Offs=006593  Size=000079  Align=00001  Fill=0000
    RODATA            Offs=0007FE  Size=000000  Align=00001  Fill=0000
    BSS               Offs=000034  Size=000002  Align=00001  Fill=0000
    DATA              Offs=000061  Size=000000  Align=00001  Fill=0000
    ZEROPAGE          Offs=000000  Size=000000  Align=00001  Fill=0000
    NULL              Offs=000000  Size=000000  Align=00001  Fill=0000
/usr/local/share/cc65/lib/max6502.lib(getchar.o):
    CODE              Offs=00660C  Size=000009  Align=00001  Fill=0000
    RODATA            Offs=0007FE  Size=000000  Align=00001  Fill=0000
    BSS               Offs=000036  Size=000000  Align=00001  Fill=0000
    DATA              Offs=000061  Size=000000  Align=00001  Fill=0000
    ZEROPAGE          Offs=000000  Size=000000  Align=00001  Fill=0000
    NULL              Offs=000000  Size=000000  Align=00001  Fill=0000
/usr/local/share/cc65/lib/max6502.lib(icmp.o):
    CODE              Offs=006615  Size=00002E  Align=00001  Fill=0000
    RODATA            Offs=0007FE  Size=000000  Align=00001  Fill=0000
    BSS               Offs=000036  Size=000000  Align=00001  Fill=0000
    DATA              Offs=000061  Size=000000  Align=00001  Fill=0000
    ZEROPAGE          Offs=000000  Size=000000  Align=00001  Fill=0000
    NULL              Offs=000000  Size=000000  Align=00001  Fill=0000
/usr/local/share/cc65/lib/max6502.lib(incax1.o):
    CODE              Offs=006643  Size=000007  Align=00001  Fill=0000
    RODATA            Offs=0007FE  Size=000000  Align=00001  Fill=0000
    BSS               Offs=000036  Size=000000  Align=00001  Fill=0000
    DATA              Offs=000061  Size=000000  Align=00001  Fill=0000
    ZEROPAGE          Offs=000000  Size=000000  Align=00001  Fill=0000
    NULL              Offs=000000  Size=000000  Align=00001  Fill=0000
/usr/local/share/cc65/lib/max6502.lib(incax2.o):
    CODE              Offs=00664A  Size=000007  Align=00001  Fill=0000
    RODATA            Offs=0007FE  Size=000000  Align=00001  Fill=0000
    BSS               Offs=000036  Size=000000  Align=00001  Fill=0000
    DATA              Offs=000061  Size=000000  Align=00001  Fill=0000
    ZEROPAGE          Offs=000000  Size=000000  Align=00001  Fill=0000
    NULL              Offs=000000  Size=000000  Align=00001  Fill=0000
/usr/local/share/cc65/lib/max6502.lib(incax3.o):
    CODE              Offs=006651  Size=000005  Align=00001  Fill=0000
    RODATA            Offs=0007FE  Size=000000  Align=00001  Fill=0000
    BSS               Offs=000036  Size=000000  Align=00001  Fill=0000
    DATA              Offs=000061  Size=000000  Align=00001  Fill=0000
    ZEROPAGE          Offs=000000  Size=000000  Align=00001  Fill=0000
    NULL              Offs=000000  Size=000000  Align=00001  Fill=0000
/usr/local/share/cc65/lib/max6502.lib(incax5.o):
    CODE              Offs=006656  Size=000005  Align=00001  Fill=0000
    RODATA            Offs=0007FE  Size=000000  Align=00001  Fill=0000
    BSS               Offs=000036  Size=000000  Align=00001  Fill=0000
    DATA              Offs=000061  Size=000000  Align=00001  Fill=0000
    ZEROPAGE          Offs=000000  Size=000000  Align=00001  Fill=0000
    NULL              Offs=000000  Size=000000  Align=00001  Fill=0000
/usr/local/share/cc65/lib/max6502.lib(incax8.o):
    CODE              Offs=00665B  Size=000005  Align=00001  Fill=0000
    RODATA            Offs=0007FE  Size=000000  Align=00001  Fill=0000
    BSS               Offs=000036  Size=000000  Align=00001  Fill=0000
    DATA              Offs=000061  Size=000000  Align=00001  Fill=0000
    ZEROPAGE          Offs=000000  Size=000000  Align=00001  Fill=0000
    NULL              Offs=000000  Size=000000  Align=00001  Fill=0000
/usr/local/share/cc65/lib/max6502.lib(incaxy.o):
    CODE              Offs=006660  Size=00000B  Align=00001  Fill=0000
    RODATA            Offs=0007FE  Size=000000  Align=00001  Fill=0000
    BSS               Offs=000036  Size=000000  Align=00001  Fill=0000
    DATA              Offs=000061  Size=000000  Align=00001  Fill=0000
    ZEROPAGE          Offs=000000  Size=000000  Align=00001  Fill=0000
    NULL              Offs=000000  Size=000000  Align=00001  Fill=0000
/usr/local/share/cc65/lib/max6502.lib(incsp1.o):
    CODE              Offs=00666B  Size=000007  Align=00001  Fill=0000
    RODATA            Offs=0007FE  Size=000000  Align=00001  Fill=0000
    BSS               Offs=000036  Size=000000  Align=00001  Fill=0000
    DATA              Offs=000061  Size=000000  Align=00001  Fill=0000
    ZEROPAGE          Offs=000000  Size=000000  Align=00001  Fill=0000
    NULL              Offs=000000  Size=000000  Align=00001  Fill=0000
/usr/local/share/cc65/lib/max6502.lib(incsp2.o):
    CODE              Offs=006672  Size=000016  Align=00001  Fill=0000
    RODATA            Offs=0007FE  Size=000000  Align=00001  Fill=0000
    BSS               Offs=000036  Size=000000  Align=00001  Fill=0000
    DATA              Offs=000061  Size=000000  Align=00001  Fill=0000
    ZEROPAGE          Offs=000000  Size=000000  Align=00001  Fill=0000
    NULL              Offs=000000  Size=000000  Align=00001  Fill=0000
/usr/local/share/cc65/lib/max6502.lib(incsp3.o):
    CODE              Offs=006688  Size=000005  Align=00001  Fill=0000
    RODATA            Offs=0007FE  Size=000000  Align=00001  Fill=0000
    BSS               Offs=000036  Size=000000  Align=00001  Fill=0000
    DATA              Offs=000061  Size=000000  Align=00001  Fill=0000
    ZEROPAGE          Offs=000000  Size=000000  Align=00001  Fill=0000
    NULL              Offs=000000  Size=000000  Align=00001  Fill=0000
/usr/local/share/cc65/lib/max6502.lib(incsp4.o):
    CODE              Offs=00668D  Size=000005  Align=00001  Fill=0000
    RODATA            Offs=0007FE  Size=000000  Align=00001  Fill=0000
    BSS               Offs=000036  Size=000000  Align=00001  Fill=0000
    DATA              Offs=000061  Size=000000  Align=00001  Fill=0000
    ZEROPAGE          Offs=000000  Size=000000  Align=00001  Fill=0000
    NULL              Offs=000000  Size=000000  Align=00001  Fill=0000
/usr/local/share/cc65/lib/max6502.lib(incsp5.o):
    CODE              Offs=006692  Size=000005  Align=00001  Fill=0000
    RODATA            Offs=0007FE  Size=000000  Align=00001  Fill=0000
    BSS               Offs=000036  Size=000000  Align=00001  Fill=0000
    DATA              Offs=000061  Size=000000  Align=00001  Fill=0000
    ZEROPAGE          Offs=000000  Size=000000  Align=00001  Fill=0000
    NULL              Offs=000000  Size=000000  Align=00001  Fill=0000
/usr/local/share/cc65/lib/max6502.lib(incsp6.o):
    CODE              Offs=006697  Size=000005  Align=00001  Fill=0000
    RODATA            Offs=0007FE  Size=000000  Align=00001  Fill=0000
    BSS               Offs=000036  Size=000000  Align=00001  Fill=0000
    DATA              Offs=000061  Size=000000  Align=00001  Fill=0000
    ZEROPAGE          Offs=000000  Size=000000  Align=00001  Fill=0000
    NULL              Offs=000000  Size=000000  Align=00001  Fill=0000
/usr/local/share/cc65/lib/max6502.lib(incsp7.o):
    CODE              Offs=00669C  Size=000005  Align=00001  Fill=0000
    RODATA            Offs=0007FE  Size=000000  Align=00001  Fill=0000
    BSS               Offs=000036  Size=000000  Align=00001  Fill=0000
    DATA              Offs=000061  Size=000000  Align=00001  Fill=0000
    ZEROPAGE          Offs=000000  Size=000000  Align=00001  Fill=0000
    NULL              Offs=000000  Size=000000  Align=00001  Fill=0000
/usr/local/share/cc65/lib/max6502.lib(incsp8.o):
    CODE              Offs=0066A1  Size=000005  Align=00001  Fill=0000
    RODATA            Offs=0007FE  Size=000000  Align=00001  Fill=0000
    BSS               Offs=000036  Size=000000  Align=00001  Fill=0000
    DATA              Offs=000061  Size=000000  Align=00001  Fill=0000
    ZEROPAGE          Offs=000000  Size=000000  Align=00001  Fill=0000
    NULL              Offs=000000  Size=000000  Align=00001  Fill=0000
/usr/local/share/cc65/lib/max6502.lib(ladd.o):
    CODE              Offs=0066A6  Size=000025  Align=00001  Fill=0000
    RODATA            Offs=0007FE  Size=000000  Align=00001  Fill=0000
    BSS               Offs=000036  Size=000000  Align=00001  Fill=0000
    DATA              Offs=000061  Size=000000  Align=00001  Fill=0000
    ZEROPAGE          Offs=000000  Size=000000  Align=00001  Fill=0000
    NULL              Offs=000000  Size=000000  Align=00001  Fill=0000
/usr/local/share/cc65/lib/max6502.lib(laddeqsp.o):
    CODE              Offs=0066CB  Size=000023  Align=00001  Fill=0000
    RODATA            Offs=0007FE  Size=000000  Align=00001  Fill=0000
    BSS               Offs=000036  Size=000000  Align=00001  Fill=0000
    DATA              Offs=000061  Size=000000  Align=00001  Fill=0000
    ZEROPAGE          Offs=000000  Size=000000  Align=00001  Fill=0000
    NULL              Offs=000000  Size=000000  Align=00001  Fill=0000
/usr/local/share/cc65/lib/max6502.lib(land.o):
    CODE              Offs=0066EE  Size=000024  Align=00001  Fill=0000
    RODATA            Offs=0007FE  Size=000000  Align=00001  Fill=0000
    BSS               Offs=000036  Size=000000  Align=00001  Fill=0000
    DATA              Offs=000061  Size=000000  Align=00001  Fill=0000
    ZEROPAGE          Offs=000000  Size=000000  Align=00001  Fill=0000
    NULL              Offs=000000  Size=000000  Align=00001  Fill=0000
/usr/local/share/cc65/lib/max6502.lib(lcmp.o):
    CODE              Offs=006712  Size=00003B  Align=00001  Fill=0000
    RODATA            Offs=0007FE  Size=000000  Align=00001  Fill=0000
    BSS               Offs=000036  Size=000000  Align=00001  Fill=0000
    DATA              Offs=000061  Size=000000  Align=00001  Fill=0000
    ZEROPAGE          Offs=000000  Size=000000  Align=00001  Fill=0000
    NULL              Offs=000000  Size=000000  Align=00001  Fill=0000
/usr/local/share/cc65/lib/max6502.lib(lcompl.o):
    CODE              Offs=00674D  Size=000015  Align=00001  Fill=0000
    RODATA            Offs=0007FE  Size=000000  Align=00001  Fill=0000
    BSS               Offs=000036  Size=000000  Align=00001  Fill=0000
    DATA              Offs=000061  Size=000000  Align=00001  Fill=0000
    ZEROPAGE          Offs=000000  Size=000000  Align=00001  Fill=0000
    NULL              Offs=000000  Size=000000  Align=00001  Fill=0000
/usr/local/share/cc65/lib/max6502.lib(ldaxi.o):
    CODE              Offs=006762  Size=00000D  Align=00001  Fill=0000
    RODATA            Offs=0007FE  Size=000000  Align=00001  Fill=0000
    BSS               Offs=000036  Size=000000  Align=00001  Fill=0000
    DATA              Offs=000061  Size=000000  Align=00001  Fill=0000
    ZEROPAGE          Offs=000000  Size=000000  Align=00001  Fill=0000
    NULL              Offs=000000  Size=000000  Align=00001  Fill=0000
/usr/local/share/cc65/lib/max6502.lib(ldaxsp.o):
    CODE              Offs=00676F  Size=000009  Align=00001  Fill=0000
    RODATA            Offs=0007FE  Size=000000  Align=00001  Fill=0000
    BSS               Offs=000036  Size=000000  Align=00001  Fill=0000
    DATA              Offs=000061  Size=000000  Align=00001  Fill=0000
    ZEROPAGE          Offs=000000  Size=000000  Align=00001  Fill=0000
    NULL              Offs=000000  Size=000000  Align=00001  Fill=0000
/usr/local/share/cc65/lib/max6502.lib(ldeaxi.o):
    CODE              Offs=006778  Size=000017  Align=00001  Fill=0000
    RODATA            Offs=0007FE  Size=000000  Align=00001  Fill=0000
    BSS               Offs=000036  Size=000000  Align=00001  Fill=0000
    DATA              Offs=000061  Size=000000  Align=00001  Fill=0000
    ZEROPAGE          Offs=000000  Size=000000  Align=00001  Fill=0000
    NULL              Offs=000000  Size=000000  Align=00001  Fill=0000
/usr/local/share/cc65/lib/max6502.lib(ldeaxysp.o):
    CODE              Offs=00678F  Size=000013  Align=00001  Fill=0000
    RODATA            Offs=0007FE  Size=000000  Align=00001  Fill=0000
    BSS               Offs=000036  Size=000000  Align=00001  Fill=0000
    DATA              Offs=000061  Size=000000  Align=00001  Fill=0000
    ZEROPAGE          Offs=000000  Size=000000  Align=00001  Fill=0000
    NULL              Offs=000000  Size=000000  Align=00001  Fill=0000
/usr/local/share/cc65/lib/max6502.lib(ldec.o):
    CODE              Offs=0067A2  Size=000015  Align=00001  Fill=0000
    RODATA            Offs=0007FE  Size=000000  Align=00001  Fill=0000
    BSS               Offs=000036  Size=000000  Align=00001  Fill=0000
    DATA              Offs=000061  Size=000000  Align=00001  Fill=0000
    ZEROPAGE          Offs=000000  Size=000000  Align=00001  Fill=0000
    NULL              Offs=000000  Size=000000  Align=00001  Fill=0000
/usr/local/share/cc65/lib/max6502.lib(ldptr1sp.o):
    CODE              Offs=0067B7  Size=00000C  Align=00001  Fill=0000
    RODATA            Offs=0007FE  Size=000000  Align=00001  Fill=0000
    BSS               Offs=000036  Size=000000  Align=00001  Fill=0000
    DATA              Offs=000061  Size=000000  Align=00001  Fill=0000
    ZEROPAGE          Offs=000000  Size=000000  Align=00001  Fill=0000
    NULL              Offs=000000  Size=000000  Align=00001  Fill=0000
/usr/local/share/cc65/lib/max6502.lib(leaaxsp.o):
    CODE              Offs=0067C3  Size=00000C  Align=00001  Fill=0000
    RODATA            Offs=0007FE  Size=000000  Align=00001  Fill=0000
    BSS               Offs=000036  Size=000000  Align=00001  Fill=0000
    DATA              Offs=000061  Size=000000  Align=00001  Fill=0000
    ZEROPAGE          Offs=000000  Size=000000  Align=00001  Fill=0000
    NULL              Offs=000000  Size=000000  Align=00001  Fill=0000
/usr/local/share/cc65/lib/max6502.lib(leq.o):
    CODE              Offs=0067CF  Size=000006  Align=00001  Fill=0000
    RODATA            Offs=0007FE  Size=000000  Align=00001  Fill=0000
    BSS               Offs=000036  Size=000000  Align=00001  Fill=0000
    DATA              Offs=000061  Size=000000  Align=00001  Fill=0000
    ZEROPAGE          Offs=000000  Size=000000  Align=00001  Fill=0000
    NULL              Offs=000000  Size=000000  Align=00001  Fill=0000
/usr/local/share/cc65/lib/max6502.lib(linc.o):
    CODE              Offs=0067D5  Size=000011  Align=00001  Fill=0000
    RODATA            Offs=0007FE  Size=000000  Align=00001  Fill=0000
    BSS               Offs=000036  Size=000000  Align=00001  Fill=0000
    DATA              Offs=000061  Size=000000  Align=00001  Fill=0000
    ZEROPAGE          Offs=000000  Size=000000  Align=00001  Fill=0000
    NULL              Offs=000000  Size=000000  Align=00001  Fill=0000
/usr/local/share/cc65/lib/max6502.lib(lmul.o):
    CODE              Offs=0067E6  Size=00005C  Align=00001  Fill=0000
    RODATA            Offs=0007FE  Size=000000  Align=00001  Fill=0000
    BSS               Offs=000036  Size=000000  Align=00001  Fill=0000
    DATA              Offs=000061  Size=000000  Align=00001  Fill=0000
    ZEROPAGE          Offs=000000  Size=000000  Align=00001  Fill=0000
    NULL              Offs=000000  Size=000000  Align=00001  Fill=0000
/usr/local/share/cc65/lib/max6502.lib(lne.o):
    CODE              Offs=006842  Size=000006  Align=00001  Fill=0000
    RODATA            Offs=0007FE  Size=000000  Align=00001  Fill=0000
    BSS               Offs=000036  Size=000000  Align=00001  Fill=0000
    DATA              Offs=000061  Size=000000  Align=00001  Fill=0000
    ZEROPAGE          Offs=000000  Size=000000  Align=00001  Fill=0000
    NULL              Offs=000000  Size=000000  Align=00001  Fill=0000
/usr/local/share/cc65/lib/max6502.lib(lneg.o):
    CODE              Offs=006848  Size=00001E  Align=00001  Fill=0000
    RODATA            Offs=0007FE  Size=000000  Align=00001  Fill=0000
    BSS               Offs=000036  Size=000000  Align=00001  Fill=0000
    DATA              Offs=000061  Size=000000  Align=00001  Fill=0000
    ZEROPAGE          Offs=000000  Size=000000  Align=00001  Fill=0000
    NULL              Offs=000000  Size=000000  Align=00001  Fill=0000
/usr/local/share/cc65/lib/max6502.lib(lor.o):
    CODE              Offs=006866  Size=000024  Align=00001  Fill=0000
    RODATA            Offs=0007FE  Size=000000  Align=00001  Fill=0000
    BSS               Offs=000036  Size=000000  Align=00001  Fill=0000
    DATA              Offs=000061  Size=000000  Align=00001  Fill=0000
    ZEROPAGE          Offs=000000  Size=000000  Align=00001  Fill=0000
    NULL              Offs=000000  Size=000000  Align=00001  Fill=0000
/usr/local/share/cc65/lib/max6502.lib(lpush.o):
    CODE              Offs=00688A  Size=000021  Align=00001  Fill=0000
    RODATA            Offs=0007FE  Size=000000  Align=00001  Fill=0000
    BSS               Offs=000036  Size=000000  Align=00001  Fill=0000
    DATA              Offs=000061  Size=000000  Align=00001  Fill=0000
    ZEROPAGE          Offs=000000  Size=000000  Align=00001  Fill=0000
    NULL              Offs=000000  Size=000000  Align=00001  Fill=0000
/usr/local/share/cc65/lib/max6502.lib(lsave.o):
    CODE              Offs=0068AB  Size=00001A  Align=00001  Fill=0000
    RODATA            Offs=0007FE  Size=000000  Align=00001  Fill=0000
    BSS               Offs=000036  Size=000000  Align=00001  Fill=0000
    DATA              Offs=000061  Size=000000  Align=00001  Fill=0000
    ZEROPAGE          Offs=000000  Size=000000  Align=00001  Fill=0000
    NULL              Offs=000000  Size=000000  Align=00001  Fill=0000
/usr/local/share/cc65/lib/max6502.lib(lsub.o):
    CODE              Offs=0068C5  Size=000027  Align=00001  Fill=0000
    RODATA            Offs=0007FE  Size=000000  Align=00001  Fill=0000
    BSS               Offs=000036  Size=000000  Align=00001  Fill=0000
    DATA              Offs=000061  Size=000000  Align=00001  Fill=0000
    ZEROPAGE          Offs=000000  Size=000000  Align=00001  Fill=0000
    NULL              Offs=000000  Size=000000  Align=00001  Fill=0000
/usr/local/share/cc65/lib/max6502.lib(lsubeqsp.o):
    CODE              Offs=0068EC  Size=000027  Align=00001  Fill=0000
    RODATA            Offs=0007FE  Size=000000  Align=00001  Fill=0000
    BSS               Offs=000036  Size=000000  Align=00001  Fill=0000
    DATA              Offs=000061  Size=000000  Align=00001  Fill=0000
    ZEROPAGE          Offs=000000  Size=000000  Align=00001  Fill=0000
    NULL              Offs=000000  Size=000000  Align=00001  Fill=0000
/usr/local/share/cc65/lib/max6502.lib(ltest.o):
    CODE              Offs=006913  Size=00000F  Align=00001  Fill=0000
    RODATA            Offs=0007FE  Size=000000  Align=00001  Fill=0000
    BSS               Offs=000036  Size=000000  Align=00001  Fill=0000
    DATA              Offs=000061  Size=000000  Align=00001  Fill=0000
    ZEROPAGE          Offs=000000  Size=000000  Align=00001  Fill=0000
    NULL              Offs=000000  Size=000000  Align=00001  Fill=0000
/usr/local/share/cc65/lib/max6502.lib(ltoa.o):
    CODE              Offs=006922  Size=000095  Align=00001  Fill=0000
    RODATA            Offs=0007FE  Size=000000  Align=00001  Fill=0000
    BSS               Offs=000036  Size=000000  Align=00001  Fill=0000
    DATA              Offs=000061  Size=000000  Align=00001  Fill=0000
    ZEROPAGE          Offs=000000  Size=000000  Align=00001  Fill=0000
    NULL              Offs=000000  Size=000000  Align=00001  Fill=0000
/usr/local/share/cc65/lib/max6502.lib(ludiv.o):
    CODE              Offs=0069B7  Size=00007A  Align=00001  Fill=0000
    RODATA            Offs=0007FE  Size=000000  Align=00001  Fill=0000
    BSS               Offs=000036  Size=000000  Align=00001  Fill=0000
    DATA              Offs=000061  Size=000000  Align=00001  Fill=0000
    ZEROPAGE          Offs=000000  Size=000000  Align=00001  Fill=0000
    NULL              Offs=000000  Size=000000  Align=00001  Fill=0000
/usr/local/share/cc65/lib/max6502.lib(luge.o):
    CODE              Offs=006A31  Size=000006  Align=00001  Fill=0000
    RODATA            Offs=0007FE  Size=000000  Align=00001  Fill=0000
    BSS               Offs=000036  Size=000000  Align=00001  Fill=0000
    DATA              Offs=000061  Size=000000  Align=00001  Fill=0000
    ZEROPAGE          Offs=000000  Size=000000  Align=00001  Fill=0000
    NULL              Offs=000000  Size=000000  Align=00001  Fill=0000
/usr/local/share/cc65/lib/max6502.lib(lugt.o):
    CODE              Offs=006A37  Size=000006  Align=00001  Fill=0000
    RODATA            Offs=0007FE  Size=000000  Align=00001  Fill=0000
    BSS               Offs=000036  Size=000000  Align=00001  Fill=0000
    DATA              Offs=000061  Size=000000  Align=00001  Fill=0000
    ZEROPAGE          Offs=000000  Size=000000  Align=00001  Fill=0000
    NULL              Offs=000000  Size=000000  Align=00001  Fill=0000
/usr/local/share/cc65/lib/max6502.lib(lule.o):
    CODE              Offs=006A3D  Size=000006  Align=00001  Fill=0000
    RODATA            Offs=0007FE  Size=000000  Align=00001  Fill=0000
    BSS               Offs=000036  Size=000000  Align=00001  Fill=0000
    DATA              Offs=000061  Size=000000  Align=00001  Fill=0000
    ZEROPAGE          Offs=000000  Size=000000  Align=00001  Fill=0000
    NULL              Offs=000000  Size=000000  Align=00001  Fill=0000
/usr/local/share/cc65/lib/max6502.lib(lult.o):
    CODE              Offs=006A43  Size=000006  Align=00001  Fill=0000
    RODATA            Offs=0007FE  Size=000000  Align=00001  Fill=0000
    BSS               Offs=000036  Size=000000  Align=00001  Fill=0000
    DATA              Offs=000061  Size=000000  Align=00001  Fill=0000
    ZEROPAGE          Offs=000000  Size=000000  Align=00001  Fill=0000
    NULL              Offs=000000  Size=000000  Align=00001  Fill=0000
/usr/local/share/cc65/lib/max6502.lib(makebool.o):
    CODE              Offs=006A49  Size=00002C  Align=00001  Fill=0000
    RODATA            Offs=0007FE  Size=000000  Align=00001  Fill=0000
    BSS               Offs=000036  Size=000000  Align=00001  Fill=0000
    DATA              Offs=000061  Size=000000  Align=00001  Fill=0000
    ZEROPAGE          Offs=000000  Size=000000  Align=00001  Fill=0000
    NULL              Offs=000000  Size=000000  Align=00001  Fill=0000
/usr/local/share/cc65/lib/max6502.lib(memcmp.o):
    CODE              Offs=006A75  Size=000034  Align=00001  Fill=0000
    RODATA            Offs=0007FE  Size=000000  Align=00001  Fill=0000
    BSS               Offs=000036  Size=000000  Align=00001  Fill=0000
    DATA              Offs=000061  Size=000000  Align=00001  Fill=0000
    ZEROPAGE          Offs=000000  Size=000000  Align=00001  Fill=0000
    NULL              Offs=000000  Size=000000  Align=00001  Fill=0000
/usr/local/share/cc65/lib/max6502.lib(memcpy.o):
    CODE              Offs=006AA9  Size=00003C  Align=00001  Fill=0000
    RODATA            Offs=0007FE  Size=000000  Align=00001  Fill=0000
    BSS               Offs=000036  Size=000000  Align=00001  Fill=0000
    DATA              Offs=000061  Size=000000  Align=00001  Fill=0000
    ZEROPAGE          Offs=000000  Size=000000  Align=00001  Fill=0000
    NULL              Offs=000000  Size=000000  Align=00001  Fill=0000
/usr/local/share/cc65/lib/max6502.lib(memset.o):
    CODE              Offs=006AE5  Size=00005D  Align=00001  Fill=0000
    RODATA            Offs=0007FE  Size=000000  Align=00001  Fill=0000
    BSS               Offs=000036  Size=000000  Align=00001  Fill=0000
    DATA              Offs=000061  Size=000000  Align=00001  Fill=0000
    ZEROPAGE          Offs=000000  Size=000000  Align=00001  Fill=0000
    NULL              Offs=000000  Size=000000  Align=00001  Fill=0000
/usr/local/share/cc65/lib/max6502.lib(mul.o):
    CODE              Offs=006B42  Size=000045  Align=00001  Fill=0000
    RODATA            Offs=0007FE  Size=000000  Align=00001  Fill=0000
    BSS               Offs=000036  Size=000000  Align=00001  Fill=0000
    DATA              Offs=000061  Size=000000  Align=00001  Fill=0000
    ZEROPAGE          Offs=000000  Size=000000  Align=00001  Fill=0000
    NULL              Offs=000000  Size=000000  Align=00001  Fill=0000
/usr/local/share/cc65/lib/max6502.lib(mul8.o):
    CODE              Offs=006B87  Size=00003A  Align=00001  Fill=0000
    RODATA            Offs=0007FE  Size=000000  Align=00001  Fill=0000
    BSS               Offs=000036  Size=000000  Align=00001  Fill=0000
    DATA              Offs=000061  Size=000000  Align=00001  Fill=0000
    ZEROPAGE          Offs=000000  Size=000000  Align=00001  Fill=0000
    NULL              Offs=000000  Size=000000  Align=00001  Fill=0000
/usr/local/share/cc65/lib/max6502.lib(negabs.o):
    CODE              Offs=006BC1  Size=000012  Align=00001  Fill=0000
    RODATA            Offs=0007FE  Size=000000  Align=00001  Fill=0000
    BSS               Offs=000036  Size=000000  Align=00001  Fill=0000
    DATA              Offs=000061  Size=000000  Align=00001  Fill=0000
    ZEROPAGE          Offs=000000  Size=000000  Align=00001  Fill=0000
    NULL              Offs=000000  Size=000000  Align=00001  Fill=0000
/usr/local/share/cc65/lib/max6502.lib(or.o):
    CODE              Offs=006BD3  Size=000012  Align=00001  Fill=0000
    RODATA            Offs=0007FE  Size=000000  Align=00001  Fill=0000
    BSS               Offs=000036  Size=000000  Align=00001  Fill=0000
    DATA              Offs=000061  Size=000000  Align=00001  Fill=0000
    ZEROPAGE          Offs=000000  Size=000000  Align=00001  Fill=0000
    NULL              Offs=000000  Size=000000  Align=00001  Fill=0000
/usr/local/share/cc65/lib/max6502.lib(popptr1.o):
    CODE              Offs=006BE5  Size=00000E  Align=00001  Fill=0000
    RODATA            Offs=0007FE  Size=000000  Align=00001  Fill=0000
    BSS               Offs=000036  Size=000000  Align=00001  Fill=0000
    DATA              Offs=000061  Size=000000  Align=00001  Fill=0000
    ZEROPAGE          Offs=000000  Size=000000  Align=00001  Fill=0000
    NULL              Offs=000000  Size=000000  Align=00001  Fill=0000
/usr/local/share/cc65/lib/max6502.lib(printf.o):
    CODE              Offs=006BF3  Size=000033  Align=00001  Fill=0000
    RODATA            Offs=0007FE  Size=000000  Align=00001  Fill=0000
    BSS               Offs=000036  Size=000001  Align=00001  Fill=0000
    DATA              Offs=000061  Size=000000  Align=00001  Fill=0000
    ZEROPAGE          Offs=000000  Size=000000  Align=00001  Fill=0000
    NULL              Offs=000000  Size=000000  Align=00001  Fill=0000
/usr/local/share/cc65/lib/max6502.lib(push1.o):
    CODE              Offs=006C26  Size=000005  Align=00001  Fill=0000
    RODATA            Offs=0007FE  Size=000000  Align=00001  Fill=0000
    BSS               Offs=000037  Size=000000  Align=00001  Fill=0000
    DATA              Offs=000061  Size=000000  Align=00001  Fill=0000
    ZEROPAGE          Offs=000000  Size=000000  Align=00001  Fill=0000
    NULL              Offs=000000  Size=000000  Align=00001  Fill=0000
/usr/local/share/cc65/lib/max6502.lib(pusha.o):
    CODE              Offs=006C2B  Size=000016  Align=00001  Fill=0000
    RODATA            Offs=0007FE  Size=000000  Align=00001  Fill=0000
    BSS               Offs=000037  Size=000000  Align=00001  Fill=0000
    DATA              Offs=000061  Size=000000  Align=00001  Fill=0000
    ZEROPAGE          Offs=000000  Size=000000  Align=00001  Fill=0000
    NULL              Offs=000000  Size=000000  Align=00001  Fill=0000
/usr/local/share/cc65/lib/max6502.lib(pushax.o):
    CODE              Offs=006C41  Size=00001A  Align=00001  Fill=0000
    RODATA            Offs=0007FE  Size=000000  Align=00001  Fill=0000
    BSS               Offs=000037  Size=000000  Align=00001  Fill=0000
    DATA              Offs=000061  Size=000000  Align=00001  Fill=0000
    ZEROPAGE          Offs=000000  Size=000000  Align=00001  Fill=0000
    NULL              Offs=000000  Size=000000  Align=00001  Fill=0000
/usr/local/share/cc65/lib/max6502.lib(pushw.o):
    CODE              Offs=006C5B  Size=00000F  Align=00001  Fill=0000
    RODATA            Offs=0007FE  Size=000000  Align=00001  Fill=0000
    BSS               Offs=000037  Size=000000  Align=00001  Fill=0000
    DATA              Offs=000061  Size=000000  Align=00001  Fill=0000
    ZEROPAGE          Offs=000000  Size=000000  Align=00001  Fill=0000
    NULL              Offs=000000  Size=000000  Align=00001  Fill=0000
/usr/local/share/cc65/lib/max6502.lib(pushwsp.o):
    CODE              Offs=006C6A  Size=00001C  Align=00001  Fill=0000
    RODATA            Offs=0007FE  Size=000000  Align=00001  Fill=0000
    BSS               Offs=000037  Size=000000  Align=00001  Fill=0000
    DATA              Offs=000061  Size=000000  Align=00001  Fill=0000
    ZEROPAGE          Offs=000000  Size=000000  Align=00001  Fill=0000
    NULL              Offs=000000  Size=000000  Align=00001  Fill=0000
/usr/local/share/cc65/lib/max6502.lib(read.o):
    CODE              Offs=006C86  Size=000042  Align=00001  Fill=0000
    RODATA            Offs=0007FE  Size=000000  Align=00001  Fill=0000
    BSS               Offs=000037  Size=000000  Align=00001  Fill=0000
    DATA              Offs=000061  Size=000000  Align=00001  Fill=0000
    ZEROPAGE          Offs=000000  Size=000000  Align=00001  Fill=0000
    NULL              Offs=000000  Size=000000  Align=00001  Fill=0000
/usr/local/share/cc65/lib/max6502.lib(return0.o):
    CODE              Offs=006CC8  Size=000004  Align=00001  Fill=0000
    RODATA            Offs=0007FE  Size=000000  Align=00001  Fill=0000
    BSS               Offs=000037  Size=000000  Align=00001  Fill=0000
    DATA              Offs=000061  Size=000000  Align=00001  Fill=0000
    ZEROPAGE          Offs=000000  Size=000000  Align=00001  Fill=0000
    NULL              Offs=000000  Size=000000  Align=00001  Fill=0000
/usr/local/share/cc65/lib/max6502.lib(returnFFFF.o):
    CODE              Offs=006CCC  Size=000004  Align=00001  Fill=0000
    RODATA            Offs=0007FE  Size=000000  Align=00001  Fill=0000
    BSS               Offs=000037  Size=000000  Align=00001  Fill=0000
    DATA              Offs=000061  Size=000000  Align=00001  Fill=0000
    ZEROPAGE          Offs=000000  Size=000000  Align=00001  Fill=0000
    NULL              Offs=000000  Size=000000  Align=00001  Fill=0000
/usr/local/share/cc65/lib/max6502.lib(shelp.o):
    CODE              Offs=006CD0  Size=000020  Align=00001  Fill=0000
    RODATA            Offs=0007FE  Size=000000  Align=00001  Fill=0000
    BSS               Offs=000037  Size=000000  Align=00001  Fill=0000
    DATA              Offs=000061  Size=000000  Align=00001  Fill=0000
    ZEROPAGE          Offs=000000  Size=000000  Align=00001  Fill=0000
    NULL              Offs=000000  Size=000000  Align=00001  Fill=0000
/usr/local/share/cc65/lib/max6502.lib(shrax1.o):
    CODE              Offs=006CF0  Size=000008  Align=00001  Fill=0000
    RODATA            Offs=0007FE  Size=000000  Align=00001  Fill=0000
    BSS               Offs=000037  Size=000000  Align=00001  Fill=0000
    DATA              Offs=000061  Size=000000  Align=00001  Fill=0000
    ZEROPAGE          Offs=000000  Size=000000  Align=00001  Fill=0000
    NULL              Offs=000000  Size=000000  Align=00001  Fill=0000
/usr/local/share/cc65/lib/max6502.lib(shrax4.o):
    CODE              Offs=006CF8  Size=000011  Align=00001  Fill=0000
    RODATA            Offs=0007FE  Size=000000  Align=00001  Fill=0000
    BSS               Offs=000037  Size=000000  Align=00001  Fill=0000
    DATA              Offs=000061  Size=000000  Align=00001  Fill=0000
    ZEROPAGE          Offs=000000  Size=000000  Align=00001  Fill=0000
    NULL              Offs=000000  Size=000000  Align=00001  Fill=0000
/usr/local/share/cc65/lib/max6502.lib(shreax1.o):
    CODE              Offs=006D09  Size=00000C  Align=00001  Fill=0000
    RODATA            Offs=0007FE  Size=000000  Align=00001  Fill=0000
    BSS               Offs=000037  Size=000000  Align=00001  Fill=0000
    DATA              Offs=000061  Size=000000  Align=00001  Fill=0000
    ZEROPAGE          Offs=000000  Size=000000  Align=00001  Fill=0000
    NULL              Offs=000000  Size=000000  Align=00001  Fill=0000
/usr/local/share/cc65/lib/max6502.lib(shreax2.o):
    CODE              Offs=006D15  Size=000013  Align=00001  Fill=0000
    RODATA            Offs=0007FE  Size=000000  Align=00001  Fill=0000
    BSS               Offs=000037  Size=000000  Align=00001  Fill=0000
    DATA              Offs=000061  Size=000000  Align=00001  Fill=0000
    ZEROPAGE          Offs=000000  Size=000000  Align=00001  Fill=0000
    NULL              Offs=000000  Size=000000  Align=00001  Fill=0000
/usr/local/share/cc65/lib/max6502.lib(shreax3.o):
    CODE              Offs=006D28  Size=00001A  Align=00001  Fill=0000
    RODATA            Offs=0007FE  Size=000000  Align=00001  Fill=0000
    BSS               Offs=000037  Size=000000  Align=00001  Fill=0000
    DATA              Offs=000061  Size=000000  Align=00001  Fill=0000
    ZEROPAGE          Offs=000000  Size=000000  Align=00001  Fill=0000
    NULL              Offs=000000  Size=000000  Align=00001  Fill=0000
/usr/local/share/cc65/lib/max6502.lib(shreax4.o):
    CODE              Offs=006D42  Size=000011  Align=00001  Fill=0000
    RODATA            Offs=0007FE  Size=000000  Align=00001  Fill=0000
    BSS               Offs=000037  Size=000000  Align=00001  Fill=0000
    DATA              Offs=000061  Size=000000  Align=00001  Fill=0000
    ZEROPAGE          Offs=000000  Size=000000  Align=00001  Fill=0000
    NULL              Offs=000000  Size=000000  Align=00001  Fill=0000
/usr/local/share/cc65/lib/max6502.lib(sprintf.o):
    CODE              Offs=006D53  Size=00002B  Align=00001  Fill=0000
    RODATA            Offs=0007FE  Size=000000  Align=00001  Fill=0000
    BSS               Offs=000037  Size=000001  Align=00001  Fill=0000
    DATA              Offs=000061  Size=000000  Align=00001  Fill=0000
    ZEROPAGE          Offs=000000  Size=000000  Align=00001  Fill=0000
    NULL              Offs=000000  Size=000000  Align=00001  Fill=0000
/usr/local/share/cc65/lib/max6502.lib(staspidx.o):
    CODE              Offs=006D7E  Size=000016  Align=00001  Fill=0000
    RODATA            Offs=0007FE  Size=000000  Align=00001  Fill=0000
    BSS               Offs=000038  Size=000000  Align=00001  Fill=0000
    DATA              Offs=000061  Size=000000  Align=00001  Fill=0000
    ZEROPAGE          Offs=000000  Size=000000  Align=00001  Fill=0000
    NULL              Offs=000000  Size=000000  Align=00001  Fill=0000
/usr/local/share/cc65/lib/max6502.lib(staxsp.o):
    CODE              Offs=006D94  Size=00000B  Align=00001  Fill=0000
    RODATA            Offs=0007FE  Size=000000  Align=00001  Fill=0000
    BSS               Offs=000038  Size=000000  Align=00001  Fill=0000
    DATA              Offs=000061  Size=000000  Align=00001  Fill=0000
    ZEROPAGE          Offs=000000  Size=000000  Align=00001  Fill=0000
    NULL              Offs=000000  Size=000000  Align=00001  Fill=0000
/usr/local/share/cc65/lib/max6502.lib(staxspi.o):
    CODE              Offs=006D9F  Size=00001B  Align=00001  Fill=0000
    RODATA            Offs=0007FE  Size=000000  Align=00001  Fill=0000
    BSS               Offs=000038  Size=000000  Align=00001  Fill=0000
    DATA              Offs=000061  Size=000000  Align=00001  Fill=0000
    ZEROPAGE          Offs=000000  Size=000000  Align=00001  Fill=0000
    NULL              Offs=000000  Size=000000  Align=00001  Fill=0000
/usr/local/share/cc65/lib/max6502.lib(steaxsp.o):
    CODE              Offs=006DBA  Size=000015  Align=00001  Fill=0000
    RODATA            Offs=0007FE  Size=000000  Align=00001  Fill=0000
    BSS               Offs=000038  Size=000000  Align=00001  Fill=0000
    DATA              Offs=000061  Size=000000  Align=00001  Fill=0000
    ZEROPAGE          Offs=000000  Size=000000  Align=00001  Fill=0000
    NULL              Offs=000000  Size=000000  Align=00001  Fill=0000
/usr/local/share/cc65/lib/max6502.lib(steaxspi.o):
    CODE              Offs=006DCF  Size=000022  Align=00001  Fill=0000
    RODATA            Offs=0007FE  Size=000000  Align=00001  Fill=0000
    BSS               Offs=000038  Size=000000  Align=00001  Fill=0000
    DATA              Offs=000061  Size=000000  Align=00001  Fill=0000
    ZEROPAGE          Offs=000000  Size=000000  Align=00001  Fill=0000
    NULL              Offs=000000  Size=000000  Align=00001  Fill=0000
/usr/local/share/cc65/lib/max6502.lib(strchr.o):
    CODE              Offs=006DF1  Size=000027  Align=00001  Fill=0000
    RODATA            Offs=0007FE  Size=000000  Align=00001  Fill=0000
    BSS               Offs=000038  Size=000000  Align=00001  Fill=0000
    DATA              Offs=000061  Size=000000  Align=00001  Fill=0000
    ZEROPAGE          Offs=000000  Size=000000  Align=00001  Fill=0000
    NULL              Offs=000000  Size=000000  Align=00001  Fill=0000
/usr/local/share/cc65/lib/max6502.lib(strcpy.o):
    CODE              Offs=006E18  Size=00001F  Align=00001  Fill=0000
    RODATA            Offs=0007FE  Size=000000  Align=00001  Fill=0000
    BSS               Offs=000038  Size=000000  Align=00001  Fill=0000
    DATA              Offs=000061  Size=000000  Align=00001  Fill=0000
    ZEROPAGE          Offs=000000  Size=000000  Align=00001  Fill=0000
    NULL              Offs=000000  Size=000000  Align=00001  Fill=0000
/usr/local/share/cc65/lib/max6502.lib(strlen.o):
    CODE              Offs=006E37  Size=000016  Align=00001  Fill=0000
    RODATA            Offs=0007FE  Size=000000  Align=00001  Fill=0000
    BSS               Offs=000038  Size=000000  Align=00001  Fill=0000
    DATA              Offs=000061  Size=000000  Align=00001  Fill=0000
    ZEROPAGE          Offs=000000  Size=000000  Align=00001  Fill=0000
    NULL              Offs=000000  Size=000000  Align=00001  Fill=0000
/usr/local/share/cc65/lib/max6502.lib(strlower.o):
    CODE              Offs=006E4D  Size=000027  Align=00001  Fill=0000
    RODATA            Offs=0007FE  Size=000000  Align=00001  Fill=0000
    BSS               Offs=000038  Size=000000  Align=00001  Fill=0000
    DATA              Offs=000061  Size=000000  Align=00001  Fill=0000
    ZEROPAGE          Offs=000000  Size=000000  Align=00001  Fill=0000
    NULL              Offs=000000  Size=000000  Align=00001  Fill=0000
/usr/local/share/cc65/lib/max6502.lib(sub.o):
    CODE              Offs=006E74  Size=000015  Align=00001  Fill=0000
    RODATA            Offs=0007FE  Size=000000  Align=00001  Fill=0000
    BSS               Offs=000038  Size=000000  Align=00001  Fill=0000
    DATA              Offs=000061  Size=000000  Align=00001  Fill=0000
    ZEROPAGE          Offs=000000  Size=000000  Align=00001  Fill=0000
    NULL              Offs=000000  Size=000000  Align=00001  Fill=0000
/usr/local/share/cc65/lib/max6502.lib(subeqsp.o):
    CODE              Offs=006E89  Size=000015  Align=00001  Fill=0000
    RODATA            Offs=0007FE  Size=000000  Align=00001  Fill=0000
    BSS               Offs=000038  Size=000000  Align=00001  Fill=0000
    DATA              Offs=000061  Size=000000  Align=00001  Fill=0000
    ZEROPAGE          Offs=000000  Size=000000  Align=00001  Fill=0000
    NULL              Offs=000000  Size=000000  Align=00001  Fill=0000
/usr/local/share/cc65/lib/max6502.lib(subysp.o):
    CODE              Offs=006E9E  Size=00000D  Align=00001  Fill=0000
    RODATA            Offs=0007FE  Size=000000  Align=00001  Fill=0000
    BSS               Offs=000038  Size=000000  Align=00001  Fill=0000
    DATA              Offs=000061  Size=000000  Align=00001  Fill=0000
    ZEROPAGE          Offs=000000  Size=000000  Align=00001  Fill=0000
    NULL              Offs=000000  Size=000000  Align=00001  Fill=0000
/usr/local/share/cc65/lib/max6502.lib(toslong.o):
    CODE              Offs=006EAB  Size=000038  Align=00001  Fill=0000
    RODATA            Offs=0007FE  Size=000000  Align=00001  Fill=0000
    BSS               Offs=000038  Size=000000  Align=00001  Fill=0000
    DATA              Offs=000061  Size=000000  Align=00001  Fill=0000
    ZEROPAGE          Offs=000000  Size=000000  Align=00001  Fill=0000
    NULL              Offs=000000  Size=000000  Align=00001  Fill=0000
/usr/local/share/cc65/lib/max6502.lib(udiv.o):
    CODE              Offs=006EE3  Size=00004F  Align=00001  Fill=0000
    RODATA            Offs=0007FE  Size=000000  Align=00001  Fill=0000
    BSS               Offs=000038  Size=000000  Align=00001  Fill=0000
    DATA              Offs=000061  Size=000000  Align=00001  Fill=0000
    ZEROPAGE          Offs=000000  Size=000000  Align=00001  Fill=0000
    NULL              Offs=000000  Size=000000  Align=00001  Fill=0000
/usr/local/share/cc65/lib/max6502.lib(umod.o):
    CODE              Offs=006F32  Size=000011  Align=00001  Fill=0000
    RODATA            Offs=0007FE  Size=000000  Align=00001  Fill=0000
    BSS               Offs=000038  Size=000000  Align=00001  Fill=0000
    DATA              Offs=000061  Size=000000  Align=00001  Fill=0000
    ZEROPAGE          Offs=000000  Size=000000  Align=00001  Fill=0000
    NULL              Offs=000000  Size=000000  Align=00001  Fill=0000
/usr/local/share/cc65/lib/max6502.lib(vfprintf.o):
    CODE              Offs=006F43  Size=000061  Align=00001  Fill=0000
    RODATA            Offs=0007FE  Size=000000  Align=00001  Fill=0000
    BSS               Offs=000038  Size=000000  Align=00001  Fill=0000
    DATA              Offs=000061  Size=000008  Align=00001  Fill=0000
    ZEROPAGE          Offs=000000  Size=000000  Align=00001  Fill=0000
    NULL              Offs=000000  Size=000000  Align=00001  Fill=0000
/usr/local/share/cc65/lib/max6502.lib(vsnprintf.o):
    CODE              Offs=006FA4  Size=0000DA  Align=00001  Fill=0000
    RODATA            Offs=0007FE  Size=000000  Align=00001  Fill=0000
    BSS               Offs=000038  Size=000000  Align=00001  Fill=0000
    DATA              Offs=000069  Size=000008  Align=00001  Fill=0000
    ZEROPAGE          Offs=000000  Size=000000  Align=00001  Fill=0000
    NULL              Offs=000000  Size=000000  Align=00001  Fill=0000
/usr/local/share/cc65/lib/max6502.lib(vsprintf.o):
    CODE              Offs=00707E  Size=000012  Align=00001  Fill=0000
    RODATA            Offs=0007FE  Size=000000  Align=00001  Fill=0000
    BSS               Offs=000038  Size=000000  Align=00001  Fill=0000
    DATA              Offs=000071  Size=000000  Align=00001  Fill=0000
    ZEROPAGE          Offs=000000  Size=000000  Align=00001  Fill=0000
    NULL              Offs=000000  Size=000000  Align=00001  Fill=0000
/usr/local/share/cc65/lib/max6502.lib(write.o):
    CODE              Offs=007090  Size=000037  Align=00001  Fill=0000
    RODATA            Offs=0007FE  Size=000000  Align=00001  Fill=0000
    BSS               Offs=000038  Size=000000  Align=00001  Fill=0000
    DATA              Offs=000071  Size=000000  Align=00001  Fill=0000
    ZEROPAGE          Offs=000000  Size=000000  Align=00001  Fill=0000
    NULL              Offs=000000  Size=000000  Align=00001  Fill=0000
/usr/local/share/cc65/lib/max6502.lib(zerobss.o):
    CODE              Offs=0070C7  Size=000023  Align=00001  Fill=0000
    RODATA            Offs=0007FE  Size=000000  Align=00001  Fill=0000
    BSS               Offs=000038  Size=000000  Align=00001  Fill=0000
    DATA              Offs=000071  Size=000000  Align=00001  Fill=0000
    ZEROPAGE          Offs=000000  Size=000000  Align=00001  Fill=0000
    NULL              Offs=000000  Size=000000  Align=00001  Fill=0000
/usr/local/share/cc65/lib/max6502.lib(zeropage.o):
    CODE              Offs=0070EA  Size=000000  Align=00001  Fill=0000
    RODATA            Offs=0007FE  Size=000000  Align=00001  Fill=0000
    BSS               Offs=000038  Size=000000  Align=00001  Fill=0000
    DATA              Offs=000071  Size=000000  Align=00001  Fill=0000
    ZEROPAGE          Offs=000000  Size=00001A  Align=00001  Fill=0000
    NULL              Offs=000000  Size=000000  Align=00001  Fill=0000


Segment list:
-------------
Name                   Start     End    Size  Align
----------------------------------------------------
NULL                  000000  000000  000000  00001
ZEROPAGE              000000  000019  00001A  00001
STARTUP               000300  00031C  00001D  00001
CODE                  00031D  007406  0070EA  00001
RODATA                007407  007C04  0007FE  00001
ONCE                  007C05  007C10  00000C  00001
DATA                  007C11  007C81  000071  00001
BSS                   007C82  007CB9  000038  00001


Exports list by name:
---------------------
__BSS_LOAD__              007C82  LA    __BSS_RUN__               007C82 RLA    
__BSS_SIZE__              000038 REA    __CODE_LOAD__             00031D  LA    
__CODE_RUN__              00031D  LA    __CODE_SIZE__             0070EA  EA    
__CONSTRUCTOR_COUNT__     000000 REA    __CONSTRUCTOR_TABLE__     00031D RLA    
__CPUSTACK_FILEOFFS__     000000  EA    __CPUSTACK_LAST__         000100  LA    
__CPUSTACK_SIZE__         000100  EA    __CPUSTACK_START__        000100  LA    
__DATA_LOAD__             007C11 RLA    __DATA_RUN__              007C11 RLA    
__DATA_SIZE__             000071 REA    __DESTRUCTOR_COUNT__      000000 REA    
__DESTRUCTOR_TABLE__      00031D RLA    __ONCE_LOAD__             007C05  LA    
__ONCE_RUN__              007C05  LA    __ONCE_SIZE__             00000C  EA    
__RAM_FILEOFFS__          000000  EA    __RAM_LAST__              007CBA  LA    
__RAM_SIZE__              00EC80 REA    __RAM_START__             000300 RLA    
__RODATA_LOAD__           007407  LA    __RODATA_RUN__            007407  LA    
__RODATA_SIZE__           0007FE  EA    __ROM_FILEOFFS__          000000  EA    
__ROM_LAST__              00F000  LA    __ROM_SIZE__              001000  EA    
__ROM_START__             00F000  LA    __STACKSIZE__             000080 REA    
__STARTADDRESS__          000300  EA    __STARTUP_LOAD__          000300  LA    
__STARTUP_RUN__           000300  LA    __STARTUP_SIZE__          00001D  EA    
__STARTUP__               000001 REA    __ZEROPAGE_LOAD__         000000  LA    
__ZEROPAGE_RUN__          000000  LA    __ZEROPAGE_SIZE__         00001A  EA    
__ZP_FILEOFFS__           000000  EA    __ZP_LAST__               00001A  LA    
__ZP_SIZE__               0000EE  EA    __ZP_START__              000000  LA    
___bzero                  006E02 RLA    ___directerrno            006317 RLA    
___errno                  007CB3 RLA    ___oserror                007C87 RLA    
___seterrno               0066C3 RLA    __ctype                   007B7A RLA    
__ctypeidx                007B85 RLA    __filetab                 007C2C  LA    
__hextab                  007B5E RLA    __longminstr              007B6E RLA    
__printf                  006412 RLA    _abs                      006EDE  LA    
_bzero                    006E02  LA    _disk_initialize          005532 RLA    
_disk_ioctl               0056A7 RLA    _disk_read                005599 RLA    
_disk_status              005577 RLA    _disk_write               005620 RLA    
_exit                     00031A  LA    _f_close                  000FAB  LA    
_f_closedir               00207C RLA    _f_getfree                002812 RLA    
_f_lseek                  001911  LA    _f_mkdir                  00215F  LA    
_f_mount                  002AA6 RLA    _f_open                   000B6D  LA    
_f_opendir                001F76 RLA    _f_read                   000FEE  LA    
_f_readdir                0020AD RLA    _f_rename                 002533  LA    
_f_stat                   002784  LA    _f_sync                   001E88  LA    
_f_truncate               001D0F  LA    _f_unlink                 0023F5  LA    
_f_write                  0013DC  LA    _fgetc                    006851 RLA    
_format_date_time         00032A  LA    _format_file_size         0003F3  LA    
_fwrite                   0068B0 RLA    _get_fattime              00031D RLA    
_get_file_attributes      000477  LA    _getchar                  006929 RLA    
_init                     000300  LA    _list_files               000516  LA    
_list_files_detailed      0006DD  LA    _ltoa                     006C57 RLA    
_main                     0009FD RLA    _memcmp                   006D92 RLA    
_memcpy                   006DC6 RLA    _memset                   006E0A RLA    
_printf                   006F10 RLA    _read                     006FA3 RLA    
_sd_cmd                   005716  LA    _sd_crc7_byte             005DA9  LA    
_sd_error_string          005C85  LA    _sd_go_idle_state         005E38  LA    
_sd_init                  005A6C RLA    _sd_power_up              005DE5  LA    
_sd_read                  0057D2 RLA    _sd_read_ocr              005EE3  LA    
_sd_send_app              005F50  LA    _sd_send_if_cond          005E71  LA    
_sd_send_op_cond          005F8B  LA    _sd_set_blocklen          005FCD  LA    
_sd_type                  005C7F  LA    _sd_write                 005901 RLA    
_sdcard_type              007C86  LA    _show_disk_info           0008C5  LA    
_spi_calculate_divisor    006063  LA    _spi_cs_high              00605A RLA    
_spi_cs_low               006051 RLA    _spi_init                 00600C RLA    
_spi_set_divisor          00602A  LA    _spi_set_frequency_khz    0060C5 RLA    
_spi_set_mode             006037  LA    _spi_transfer             0060DB RLA    
_sprintf                  007070 RLA    _stderr                   007C48  LA    
_stdin                    007C44 RLA    _stdout                   007C46 RLA    
_strchr                   00710E RLA    _strcpy                   007135 RLA    
_strlen                   007154 RLA    _strlen_ptr4              007158  LA    
_strlower                 00716A RLA    _strlwr                   00716A  LA    
_timer_cpu_speed          006130  LA    _timer_delay_ms           00626B RLA    
_timer_delay_ticks        006189  LA    _timer_delay_us           0061B0  LA    
_timer_get_frequency_hz   0062DA  LA    _timer_get_ticks_per_ms   0062FA  LA    
_timer_get_ticks_per_us   006314  LA    _timer_is_running         006123  LA    
_timer_read               006107  LA    _timer_start              0060FB  LA    
_timer_stop               006101  LA    _timer_ticks_to_ms        006159  LA    
_timer_ticks_to_us        006136  LA    _ultoa                    006C98 RLA    
_vfprintf                 007298 RLA    _vsnprintf                0072C1  LA    
_vsprintf                 00739B RLA    _write                    0073AD RLA    
addeq0sp                  0066E8 RLA    addeqysp                  0066EA RLA    
addysp                    0066FA RLA    addysp1                   0066F9 RLA    
aslax1                    006707 RLA    aslax2                    00670F RLA    
aslax3                    00671A  LA    aslax4                    006728  LA    
asleax1                   006739  LA    asleax2                   006745  LA    
axlong                    006758 RLA    axulong                   00675E RLA    
booleq                    006D6C RLA    boolge                    006D7D  LA    
boolgt                    006D7B  LA    boolle                    006D73  LA    
boollt                    006D75  LA    boolne                    006D66 RLA    
booluge                   006D8D RLA    boolugt                   006D8B RLA    
boolule                   006D83 RLA    boolult                   006D85 RLA    
c_sp                      000000 RLZ    checkferror               006765 RLA    
compleax                  006A6A RLA    condes                    007C4D  LA    
copydata                  00677D RLA    ctypemask                 0067AA  LA    
ctypemaskdirect           0067AE RLA    decax1                    0067C8 RLA    
decaxy                    0067CF RLA    deceaxy                   006ABF RLA    
decsp1                    0067D8 RLA    decsp2                    0067E1 RLA    
decsp3                    0067EE RLA    decsp4                    0067FB RLA    
decsp5                    006808 RLA    decsp6                    006815 RLA    
decsp7                    006822 RLA    decsp8                    00682F RLA    
donelib                   006771  LA    getlop                    006CE5  LA    
incax1                    006960 RLA    incax2                    006967 RLA    
incax3                    00696E RLA    incax4                    00697D RLA    
incax5                    006973 RLA    incax8                    006978 RLA    
incaxy                    00697F RLA    inceaxy                   006AF2 RLA    
incsp1                    006988 RLA    incsp2                    006997 RLA    
incsp3                    0069A5 RLA    incsp4                    0069AA RLA    
incsp5                    0069AF RLA    incsp6                    0069B4 RLA    
incsp7                    0069B9 RLA    incsp8                    0069BE RLA    
initlib                   007C05 RLA    laddeq0sp                 0069E8 RLA    
laddeqysp                 0069EA RLA    ldax0sp                   006A8C RLA    
ldaxi                     006A7F RLA    ldaxidx                   006A81 RLA    
ldaxysp                   006A8E RLA    ldeax0sp                  006AAC RLA    
ldeaxi                    006A95 RLA    ldeaxidx                  006A97 RLA    
ldeaxysp                  006AAE RLA    ldptr10sp                 006AD4 RLA    
ldptr1ysp                 006AD6 RLA    leaa0sp                   006AE0 RLA    
leaaxsp                   006AE2 RLA    lsubeq0sp                 006C09 RLA    
lsubeqysp                 006C0B RLA    memcpy_getparams          006DEF  LA    
memcpy_upwards            006DC9  LA    mul8x16                   006EA6 RLA    
mul8x16a                  006EB0 RLA    negax                     006EE2 RLA    
negeax                    006B65 RLA    popax                     00698F RLA    
popptr1                   006F02 RLA    popsargsudiv16            006FED RLA    
ptr1                      000008 RLZ    ptr2                      00000A RLZ    
ptr3                      00000C RLZ    ptr4                      00000E RLZ    
push0                     006F5E RLA    push0ax                   006BAA RLA    
push1                     006F43 RLA    pusha                     006F4C RLA    
pusha0                    006F60 RLA    pusha0sp                  006F48  LA    
pushax                    006F62 RLA    pushaysp                  006F4A  LA    
pusheax                   006BB0 RLA    pushl0                    006BA7 RLA    
pushptr1idx               006F7E  LA    pushw                     006F78 RLA    
pushw0sp                  006F87 RLA    pushwidx                  006F7A RLA    
pushwysp                  006F89 RLA    regbank                   000014 RLZ    
regsave                   000004 RLZ    resteax                   006BD5 RLA    
return0                   006FE5 RLA    returnFFFF                006FE9 RLA    
saveeax                   006BC8 RLA    shlax1                    006707 RLA    
shlax2                    00670F  LA    shlax3                    00671A RLA    
shlax4                    006728 RLA    shleax1                   006739 RLA    
shleax2                   006745 RLA    shrax1                    00700D RLA    
shrax4                    007015 RLA    shreax1                   007026 RLA    
shreax2                   007032 RLA    shreax3                   007045 RLA    
shreax4                   00705F RLA    sreg                      000002 RLZ    
staspidx                  00709B RLA    stax0sp                   0070B1 RLA    
staxspidx                 0070BC RLA    staxysp                   0070B3 RLA    
steax0sp                  0070D7 RLA    steaxspidx                0070EC RLA    
steaxysp                  0070D9 RLA    subeq0sp                  0071A6  LA    
subeqysp                  0071A8 RLA    subysp                    0071BB RLA    
tmp1                      000010 RLZ    tmp2                      000011 RLZ    
tmp3                      000012 RLZ    tmp4                      000013 RLZ    
tosadd0ax                 0069C3 RLA    tosadda0                  0066CC  LA    
tosaddax                  0066CE RLA    tosaddeax                 0069C9 RLA    
tosand0ax                 006A0B RLA    tosandeax                 006A11 RLA    
tosdiva0                  00683C RLA    tosdivax                  00683E  LA    
toseqeax                  006AEC RLA    tosicmp                   006934 RLA    
tosicmp0                  006932  LA    toslcmp                   006A2F RLA    
toslong                   0071E6  LA    tosmul0ax                 006B03  LA    
tosmula0                  006EA4  LA    tosmulax                  006E5F  LA    
tosmuleax                 006B09  LA    tosneeax                  006B5F RLA    
tosor0ax                  006B83  LA    tosora0                   006EF0 RLA    
tosorax                   006EF2  LA    tosoreax                  006B89 RLA    
tossub0ax                 006BE2  LA    tossuba0                  007191  LA    
tossubax                  007193 RLA    tossubeax                 006BE8 RLA    
tosudiv0ax                006CD4  LA    tosudiva0                 007200  LA    
tosudivax                 007202 RLA    tosudiveax                006CDA RLA    
tosugeeax                 006D4E RLA    tosugteax                 006D54 RLA    
tosuleeax                 006D5A RLA    tosulong                  0071C8 RLA    
tosulteax                 006D60 RLA    tosumoda0                 00724F  LA    
tosumodax                 007251 RLA    tosumul0ax                006B03 RLA    
tosumula0                 006EA4  LA    tosumulax                 006E5F RLA    
tosumuleax                006B09 RLA    tsteax                    006C30  LA    
udiv16                    007211 RLA    udiv32                    006D09  LA    
utsteax                   006C30 RLA    vsnprintf                 0072C4 RLA    
zerobss                   0073E4 RLA    


Exports list by value:
----------------------
__CONSTRUCTOR_COUNT__     000000 REA    __CPUSTACK_FILEOFFS__     000000  EA    
__DESTRUCTOR_COUNT__      000000 REA    __RAM_FILEOFFS__          000000  EA    
__ROM_FILEOFFS__          000000  EA    __ZEROPAGE_LOAD__         000000  LA    
__ZEROPAGE_RUN__          000000  LA    __ZP_FILEOFFS__           000000  EA    
__ZP_START__              000000  LA    c_sp                      000000 RLZ    
__STARTUP__               000001 REA    sreg                      000002 RLZ    
regsave                   000004 RLZ    ptr1                      000008 RLZ    
ptr2                      00000A RLZ    __ONCE_SIZE__             00000C  EA    
ptr3                      00000C RLZ    ptr4                      00000E RLZ    
tmp1                      000010 RLZ    tmp2                      000011 RLZ    
tmp3                      000012 RLZ    tmp4                      000013 RLZ    
regbank                   000014 RLZ    __ZEROPAGE_SIZE__         00001A  EA    
__ZP_LAST__               00001A  LA    __STARTUP_SIZE__          00001D  EA    
__BSS_SIZE__              000038 REA    __DATA_SIZE__             000071 REA    
__STACKSIZE__             000080 REA    __ZP_SIZE__               0000EE  EA    
__CPUSTACK_LAST__         000100  LA    __CPUSTACK_SIZE__         000100  EA    
__CPUSTACK_START__        000100  LA    __RAM_START__             000300 RLA    
__STARTADDRESS__          000300  EA    __STARTUP_LOAD__          000300  LA    
__STARTUP_RUN__           000300  LA    _init                     000300  LA    
[...]
    ff.o                      ff.s:8963
    ff.o                      ff.s:8963
    ff.o                      ff.s:8963
    ff.o                      ff.s:8963
    ff.o                      ff.s:8963
    ff.o                      ff.s:8963
    ff.o                      ff.s:8963
    ff.o                      ff.s:8963
    ff.o                      ff.s:8963
    ff.o                      ff.s:8963
    ff.o                      ff.s:8963
    ff.o                      ff.s:8963
    ff.o                      ff.s:8963
    ff.o                      ff.s:8963
    ff.o                      ff.s:8963
    ff.o                      ff.s:8963
    ff.o                      ff.s:8963
    ff.o                      ff.s:8963
    ff.o                      ff.s:8963
    ff.o                      ff.s:8963
    ff.o                      ff.s:8963
    ff.o                      ff.s:8963
    ff.o                      ff.s:8963
    ff.o                      ff.s:8963
    ff.o                      ff.s:8963
    ff.o                      ff.s:8963
    ff.o                      ff.s:8963
    ff.o                      ff.s:8963
    ff.o                      ff.s:8963
    ff.o                      ff.s:8963
    ff.o                      ff.s:8963
    test-dir.c.1628.0.o       test-dir.c.1628.0.s:1244
    test-dir.c.1628.0.o       test-dir.c.1628.0.s:1244
    test-dir.c.1628.0.o       test-dir.c.1628.0.s:1244
regbank (zeropage.o):
    _printf.o                 /home/didier/6502/tools/cc65/asminc/zeropage.inc:14
regsave (zeropage.o):
    lsave.o                   runtime/lsave.s:9
resteax (lsave.o):
    ff.o                      ff.s:8963
    ff.o                      ff.s:8963
    ff.o                      ff.s:8963
    ff.o                      ff.s:8963
return0 (return0.o):
    memcmp.o                  common/memcmp.s:8
returnFFFF (returnFFFF.o):
    fgetc.o                   common/fgetc.s:9
saveeax (lsave.o):
    ff.o                      ff.s:8963
    ff.o                      ff.s:8963
    ff.o                      ff.s:8963
    ff.o                      ff.s:8963
shlax1 (aslax1.o):
    diskio.o                  diskio.s:322
    diskio.o                  diskio.s:322
    ff.o                      ff.s:8963
    ff.o                      ff.s:8963
shlax2 (aslax2.o):
shlax3 (aslax3.o):
    spi.o                     spi.s:232
shlax4 (aslax4.o):
    ff.o                      ff.s:8963
shleax1 (asleax1.o):
    sdcard.o                  sdcard.s:1269
    sdcard.o                  sdcard.s:1269
    ff.o                      ff.s:8963
    ff.o                      ff.s:8963
    ff.o                      ff.s:8963
    ff.o                      ff.s:8963
    ff.o                      ff.s:8963
    ff.o                      ff.s:8963
    ff.o                      ff.s:8963
    ff.o                      ff.s:8963
shleax2 (asleax2.o):
    ff.o                      ff.s:8963
    ff.o                      ff.s:8963
    ff.o                      ff.s:8963
shrax1 (shrax1.o):
    ff.o                      ff.s:8963
    ff.o                      ff.s:8963
    test-dir.c.1628.0.o       test-dir.c.1628.0.s:1244
shrax4 (shrax4.o):
    ff.o                      ff.s:8963
    ff.o                      ff.s:8963
    test-dir.c.1628.0.o       test-dir.c.1628.0.s:1244
shreax1 (shreax1.o):
    ff.o                      ff.s:8963
    ff.o                      ff.s:8963
    ff.o                      ff.s:8963
    ff.o                      ff.s:8963
    ff.o                      ff.s:8963
    ff.o                      ff.s:8963
    ff.o                      ff.s:8963
    test-dir.c.1628.0.o       test-dir.c.1628.0.s:1244
shreax2 (shreax2.o):
    test-dir.c.1628.0.o       test-dir.c.1628.0.s:1244
shreax3 (shreax3.o):
    ff.o                      ff.s:8963
    ff.o                      ff.s:8963
shreax4 (shreax4.o):
    ff.o                      ff.s:8963
    ff.o                      ff.s:8963
    ff.o                      ff.s:8963
    ff.o                      ff.s:8963
    test-dir.c.1628.0.o       test-dir.c.1628.0.s:1244
sreg (zeropage.o):
    lneg.o                    runtime/lneg.s:11
    ltoa.o                    common/ltoa.s:11
    lcmp.o                    runtime/lcmp.s:10
    _printf.o                 /home/didier/6502/tools/cc65/asminc/zeropage.inc:11
    umod.o                    runtime/umod.s:9
    udiv.o                    runtime/udiv.s:10
    steaxspi.o                runtime/steaxspi.s:10
    steaxsp.o                 runtime/steaxsp.s:8
    shreax4.o                 runtime/shreax4.s:8
    shreax3.o                 runtime/shreax3.s:8
    shreax2.o                 runtime/shreax2.s:8
    shreax1.o                 runtime/shreax1.s:8
    ludiv.o                   runtime/ludiv.s:10
    ltest.o                   runtime/ltest.s:8
    lsubeqsp.o                runtime/lsubeqsp.s:8
    lsub.o                    runtime/lsub.s:12
    lsave.o                   runtime/lsave.s:9
    lpush.o                   runtime/lpush.s:13
    lor.o                     runtime/lor.s:10
    lmul.o                    runtime/lmul.s:10
    linc.o                    runtime/linc.s:8
    ldec.o                    runtime/ldec.s:9
    ldeaxysp.o                runtime/ldeaxysp.s:12
    ldeaxi.o                  runtime/ldeaxi.s:8
    lcompl.o                  runtime/lcompl.s:8
    land.o                    runtime/land.s:10
    laddeqsp.o                runtime/laddeqsp.s:8
    ladd.o                    runtime/ladd.s:9
    icmp.o                    runtime/icmp.s:9
    axlong.o                  runtime/axlong.s:9
    asleax2.o                 runtime/asleax2.s:8
    asleax1.o                 runtime/asleax1.s:8
    timer.o                   timer.s:10
    sdcard.o                  sdcard.s:10
    diskio.o                  diskio.s:10
    ff.o                      ff.s:10
    test-dir.c.1628.0.o       test-dir.c.1628.0.s:10
staspidx (staspidx.o):
    sdcard.o                  sdcard.s:1269
    sdcard.o                  sdcard.s:1269
    sdcard.o                  sdcard.s:1269
    ff.o                      ff.s:8963
stax0sp (staxsp.o):
    timer.o                   timer.s:425
    timer.o                   timer.s:425
    spi.o                     spi.s:232
    sdcard.o                  sdcard.s:1269
    diskio.o                  diskio.s:322
    diskio.o                  diskio.s:322
    ff.o                      ff.s:8963
    ff.o                      ff.s:8963
    ff.o                      ff.s:8963
    ff.o                      ff.s:8963
    ff.o                      ff.s:8963
    ff.o                      ff.s:8963
    ff.o                      ff.s:8963
    ff.o                      ff.s:8963
    test-dir.c.1628.0.o       test-dir.c.1628.0.s:1244
staxspidx (staxspi.o):
    ff.o                      ff.s:8963
    ff.o                      ff.s:8963
    ff.o                      ff.s:8963
    ff.o                      ff.s:8963
staxysp (staxsp.o):
    vsprintf.o                common/vsprintf.s:8
    timer.o                   timer.s:425
    timer.o                   timer.s:425
    sdcard.o                  sdcard.s:1269
    sdcard.o                  sdcard.s:1269
    sdcard.o                  sdcard.s:1269
    ff.o                      ff.s:8963
    ff.o                      ff.s:8963
    ff.o                      ff.s:8963
    ff.o                      ff.s:8963
    ff.o                      ff.s:8963
    ff.o                      ff.s:8963
    ff.o                      ff.s:8963
    ff.o                      ff.s:8963
    ff.o                      ff.s:8963
    ff.o                      ff.s:8963
    ff.o                      ff.s:8963
    ff.o                      ff.s:8963
    ff.o                      ff.s:8963
    ff.o                      ff.s:8963
    ff.o                      ff.s:8963
    ff.o                      ff.s:8963
    ff.o                      ff.s:8963
    ff.o                      ff.s:8963
    test-dir.c.1628.0.o       test-dir.c.1628.0.s:1244
steax0sp (steaxsp.o):
    timer.o                   timer.s:425
    ff.o                      ff.s:8963
    ff.o                      ff.s:8963
    ff.o                      ff.s:8963
    ff.o                      ff.s:8963
    ff.o                      ff.s:8963
    ff.o                      ff.s:8963
    ff.o                      ff.s:8963
    ff.o                      ff.s:8963
    ff.o                      ff.s:8963
steaxspidx (steaxspi.o):
    diskio.o                  diskio.s:322
    ff.o                      ff.s:8963
    ff.o                      ff.s:8963
    ff.o                      ff.s:8963
    ff.o                      ff.s:8963
    ff.o                      ff.s:8963
    ff.o                      ff.s:8963
    ff.o                      ff.s:8963
    ff.o                      ff.s:8963
    ff.o                      ff.s:8963
    ff.o                      ff.s:8963
    ff.o                      ff.s:8963
    ff.o                      ff.s:8963
    ff.o                      ff.s:8963
    ff.o                      ff.s:8963
    ff.o                      ff.s:8963
    ff.o                      ff.s:8963
    ff.o                      ff.s:8963
    ff.o                      ff.s:8963
    ff.o                      ff.s:8963
    ff.o                      ff.s:8963
steaxysp (steaxsp.o):
    timer.o                   timer.s:425
    timer.o                   timer.s:425
    sdcard.o                  sdcard.s:1269
    sdcard.o                  sdcard.s:1269
    ff.o                      ff.s:8963
    ff.o                      ff.s:8963
    ff.o                      ff.s:8963
    ff.o                      ff.s:8963
    ff.o                      ff.s:8963
    ff.o                      ff.s:8963
    ff.o                      ff.s:8963
    ff.o                      ff.s:8963
    ff.o                      ff.s:8963
    ff.o                      ff.s:8963
    ff.o                      ff.s:8963
    ff.o                      ff.s:8963
    ff.o                      ff.s:8963
    ff.o                      ff.s:8963
    ff.o                      ff.s:8963
    ff.o                      ff.s:8963
    test-dir.c.1628.0.o       test-dir.c.1628.0.s:1244
subeq0sp (subeqsp.o):
subeqysp (subeqsp.o):
    sdcard.o                  sdcard.s:1269
    ff.o                      ff.s:8963
    ff.o                      ff.s:8963
subysp (subysp.o):
    timer.o                   timer.s:425
    timer.o                   timer.s:425
    sdcard.o                  sdcard.s:1269
    ff.o                      ff.s:8963
    ff.o                      ff.s:8963
    ff.o                      ff.s:8963
    ff.o                      ff.s:8963
    ff.o                      ff.s:8963
    ff.o                      ff.s:8963
    ff.o                      ff.s:8963
    ff.o                      ff.s:8963
    ff.o                      ff.s:8963
    ff.o                      ff.s:8963
    ff.o                      ff.s:8963
    ff.o                      ff.s:8963
    ff.o                      ff.s:8963
    ff.o                      ff.s:8963
    test-dir.c.1628.0.o       test-dir.c.1628.0.s:1244
    test-dir.c.1628.0.o       test-dir.c.1628.0.s:1244
    test-dir.c.1628.0.o       test-dir.c.1628.0.s:1244
    test-dir.c.1628.0.o       test-dir.c.1628.0.s:1244
tmp1 (zeropage.o):
    mul.o                     runtime/mul.s:10
    ltoa.o                    common/ltoa.s:11
    copydata.o                common/copydata.s:9
    _printf.o                 /home/didier/6502/tools/cc65/asminc/zeropage.inc:13
    strchr.o                  common/strchr.s:10
    steaxspi.o                runtime/steaxspi.s:10
    staxspi.o                 runtime/staxspi.s:10
    staspidx.o                runtime/staspidx.s:9
    shreax4.o                 runtime/shreax4.s:8
    shreax3.o                 runtime/shreax3.s:8
    shreax2.o                 runtime/shreax2.s:8
    shreax1.o                 runtime/shreax1.s:8
    shrax4.o                  runtime/shrax4.s:8
    shrax1.o                  runtime/shrax1.s:8
    shelp.o                   runtime/shelp.s:12
    or.o                      runtime/or.s:10
    ltest.o                   runtime/ltest.s:8
    lor.o                     runtime/lor.s:10
    ldec.o                    runtime/ldec.s:9
    land.o                    runtime/land.s:10
    ladd.o                    runtime/ladd.s:9
    incaxy.o                  runtime/incaxy.s:8
    div.o                     runtime/div.s:12
    decaxy.o                  runtime/decaxy.s:8
    asleax2.o                 runtime/asleax2.s:8
    asleax1.o                 runtime/asleax1.s:8
    aslax4.o                  runtime/aslax4.s:8
    aslax3.o                  runtime/aslax3.s:8
    aslax2.o                  runtime/aslax2.s:8
    aslax1.o                  runtime/aslax1.s:8
    add.o                     runtime/add.s:12
    ff.o                      ff.s:11
tmp2 (zeropage.o):
    steaxspi.o                runtime/steaxspi.s:10
    shelp.o                   runtime/shelp.s:12
    lmul.o                    runtime/lmul.s:10
    div.o                     runtime/div.s:12
tmp3 (zeropage.o):
    steaxspi.o                runtime/steaxspi.s:10
    ludiv.o                   runtime/ludiv.s:10
    lmul.o                    runtime/lmul.s:10
tmp4 (zeropage.o):
    ludiv.o                   runtime/ludiv.s:10
    lmul.o                    runtime/lmul.s:10
tosadd0ax (ladd.o):
    ff.o                      ff.s:8963
tosadda0 (add.o):
tosaddax (add.o):
    ff.o                      ff.s:8963
    ff.o                      ff.s:8963
    ff.o                      ff.s:8963
    ff.o                      ff.s:8963
    ff.o                      ff.s:8963
    ff.o                      ff.s:8963
    ff.o                      ff.s:8963
tosaddeax (ladd.o):
    diskio.o                  diskio.s:322
    diskio.o                  diskio.s:322
    ff.o                      ff.s:8963
    ff.o                      ff.s:8963
    ff.o                      ff.s:8963
    ff.o                      ff.s:8963
    ff.o                      ff.s:8963
    ff.o                      ff.s:8963
    ff.o                      ff.s:8963
    ff.o                      ff.s:8963
    ff.o                      ff.s:8963
    ff.o                      ff.s:8963
    ff.o                      ff.s:8963
tosand0ax (land.o):
    ff.o                      ff.s:8963
    ff.o                      ff.s:8963
    ff.o                      ff.s:8963
    ff.o                      ff.s:8963
    ff.o                      ff.s:8963
    ff.o                      ff.s:8963
    ff.o                      ff.s:8963
    ff.o                      ff.s:8963
    ff.o                      ff.s:8963
tosandeax (land.o):
    ff.o                      ff.s:8963
    ff.o                      ff.s:8963
    ff.o                      ff.s:8963
    ff.o                      ff.s:8963
    ff.o                      ff.s:8963
    ff.o                      ff.s:8963
tosdiva0 (div.o):
    timer.o                   timer.s:425
tosdivax (div.o):
toseqeax (leq.o):
    ff.o                      ff.s:8963
    ff.o                      ff.s:8963
    ff.o                      ff.s:8963
    ff.o                      ff.s:8963
    ff.o                      ff.s:8963
    ff.o                      ff.s:8963
    ff.o                      ff.s:8963
    ff.o                      ff.s:8963
    ff.o                      ff.s:8963
    ff.o                      ff.s:8963
    ff.o                      ff.s:8963
    ff.o                      ff.s:8963
    ff.o                      ff.s:8963
    ff.o                      ff.s:8963
tosicmp (icmp.o):
    ff.o                      ff.s:8963
    ff.o                      ff.s:8963
    ff.o                      ff.s:8963
    ff.o                      ff.s:8963
    ff.o                      ff.s:8963
tosicmp0 (icmp.o):
toslcmp (lcmp.o):
    lult.o                    runtime/lult.s:8
    lule.o                    runtime/lule.s:8
    lugt.o                    runtime/lugt.s:8
    luge.o                    runtime/luge.s:8
    lne.o                     runtime/lne.s:8
    leq.o                     runtime/leq.s:8
toslong (toslong.o):
tosmul0ax (lmul.o):
tosmula0 (mul8.o):
tosmulax (mul.o):
tosmuleax (lmul.o):
tosneeax (lne.o):
    ff.o                      ff.s:8963
    ff.o                      ff.s:8963
    ff.o                      ff.s:8963
    ff.o                      ff.s:8963
    ff.o                      ff.s:8963
    ff.o                      ff.s:8963
    ff.o                      ff.s:8963
    test-dir.c.1628.0.o       test-dir.c.1628.0.s:1244
tosor0ax (lor.o):
tosora0 (or.o):
    ff.o                      ff.s:8963
tosorax (or.o):
tosoreax (lor.o):
    ff.o                      ff.s:8963
    ff.o                      ff.s:8963
    ff.o                      ff.s:8963
tossub0ax (lsub.o):
tossuba0 (sub.o):
tossubax (sub.o):
    ff.o                      ff.s:8963
    ff.o                      ff.s:8963
tossubeax (lsub.o):
    timer.o                   timer.s:425
    ff.o                      ff.s:8963
    ff.o                      ff.s:8963
    ff.o                      ff.s:8963
    ff.o                      ff.s:8963
    test-dir.c.1628.0.o       test-dir.c.1628.0.s:1244
tosudiv0ax (ludiv.o):
tosudiva0 (udiv.o):
tosudivax (udiv.o):
    fwrite.o                  common/fwrite.s:12
    timer.o                   timer.s:425
tosudiveax (ludiv.o):
    timer.o                   timer.s:425
    timer.o                   timer.s:425
    spi.o                     spi.s:232
    ff.o                      ff.s:8963
    ff.o                      ff.s:8963
tosugeeax (luge.o):
    ff.o                      ff.s:8963
    ff.o                      ff.s:8963
    ff.o                      ff.s:8963
    ff.o                      ff.s:8963
    ff.o                      ff.s:8963
    ff.o                      ff.s:8963
    ff.o                      ff.s:8963
    ff.o                      ff.s:8963
tosugteax (lugt.o):
    ff.o                      ff.s:8963
    ff.o                      ff.s:8963
    ff.o                      ff.s:8963
    ff.o                      ff.s:8963
    ff.o                      ff.s:8963
tosuleeax (lule.o):
    ff.o                      ff.s:8963
    ff.o                      ff.s:8963
tosulong (toslong.o):
    timer.o                   timer.s:425
    ff.o                      ff.s:8963
    ff.o                      ff.s:8963
tosulteax (lult.o):
    ff.o                      ff.s:8963
    ff.o                      ff.s:8963
    ff.o                      ff.s:8963
    ff.o                      ff.s:8963
    ff.o                      ff.s:8963
    ff.o                      ff.s:8963
    ff.o                      ff.s:8963
    ff.o                      ff.s:8963
    ff.o                      ff.s:8963
tosumoda0 (umod.o):
tosumodax (umod.o):
    timer.o                   timer.s:425
tosumul0ax (lmul.o):
    timer.o                   timer.s:425
    timer.o                   timer.s:425
    timer.o                   timer.s:425
    ff.o                      ff.s:8963
tosumula0 (mul8.o):
tosumulax (mul.o):
    fwrite.o                  common/fwrite.s:12
tosumuleax (lmul.o):
    timer.o                   timer.s:425
    timer.o                   timer.s:425
    ff.o                      ff.s:8963
    ff.o                      ff.s:8963
    test-dir.c.1628.0.o       test-dir.c.1628.0.s:1244
tsteax (ltest.o):
udiv16 (udiv.o):
    umod.o                    runtime/umod.s:8
    shelp.o                   runtime/shelp.s:11
udiv32 (ludiv.o):
utsteax (ltest.o):
    ff.o                      ff.s:8963
    ff.o                      ff.s:8963
    ff.o                      ff.s:8963
    ff.o                      ff.s:8963
    ff.o                      ff.s:8963
    ff.o                      ff.s:8963
    ff.o                      ff.s:8963
    ff.o                      ff.s:8963
vsnprintf (vsnprintf.o):
    vsprintf.o                common/vsprintf.s:9
zerobss (zerobss.o):
    crt0.o                    max6502/crt0.s:9

