Modules list:
-------------
hello.c.1593.0.o:
    CODE              Offs=000000  Size=000022  Align=00001  Fill=0000
    RODATA            Offs=000000  Size=000022  Align=00001  Fill=0000
    BSS               Offs=000000  Size=000000  Align=00001  Fill=0000
    DATA              Offs=000000  Size=000000  Align=00001  Fill=0000
    ZEROPAGE          Offs=000000  Size=000000  Align=00001  Fill=0000
    NULL              Offs=000000  Size=000000  Align=00001  Fill=0000
/home/didier/Developments/6502/max6502/lib/timer.lib(timer.o):
    CODE              Offs=000022  Size=00021C  Align=00001  Fill=0000
    RODATA            Offs=000022  Size=000000  Align=00001  Fill=0000
    BSS               Offs=000000  Size=000000  Align=00001  Fill=0000
    DATA              Offs=000000  Size=000000  Align=00001  Fill=0000
    ZEROPAGE          Offs=000000  Size=000000  Align=00001  Fill=0000
    NULL              Offs=000000  Size=000000  Align=00001  Fill=0000
/usr/local/share/cc65/lib/max6502.lib(_file.o):
    CODE              Offs=00023E  Size=000000  Align=00001  Fill=0000
    RODATA            Offs=000022  Size=000000  Align=00001  Fill=0000
    BSS               Offs=000000  Size=000000  Align=00001  Fill=0000
    DATA              Offs=000000  Size=00001E  Align=00001  Fill=0000
    ZEROPAGE          Offs=000000  Size=000000  Align=00001  Fill=0000
    NULL              Offs=000000  Size=000000  Align=00001  Fill=0000
/usr/local/share/cc65/lib/max6502.lib(_hextab.o):
    CODE              Offs=00023E  Size=000000  Align=00001  Fill=0000
    RODATA            Offs=000022  Size=000010  Align=00001  Fill=0000
    BSS               Offs=000000  Size=000000  Align=00001  Fill=0000
    DATA              Offs=00001E  Size=000000  Align=00001  Fill=0000
    ZEROPAGE          Offs=000000  Size=000000  Align=00001  Fill=0000
    NULL              Offs=000000  Size=000000  Align=00001  Fill=0000
/usr/local/share/cc65/lib/max6502.lib(_longminstr.o):
    CODE              Offs=00023E  Size=000000  Align=00001  Fill=0000
    RODATA            Offs=000032  Size=00000C  Align=00001  Fill=0000
    BSS               Offs=000000  Size=000000  Align=00001  Fill=0000
    DATA              Offs=00001E  Size=000000  Align=00001  Fill=0000
    ZEROPAGE          Offs=000000  Size=000000  Align=00001  Fill=0000
    NULL              Offs=000000  Size=000000  Align=00001  Fill=0000
/usr/local/share/cc65/lib/max6502.lib(_printf.o):
    CODE              Offs=00023E  Size=0003A2  Align=00001  Fill=0000
    RODATA            Offs=00003E  Size=000000  Align=00001  Fill=0000
    BSS               Offs=000000  Size=00002B  Align=00001  Fill=0000
    DATA              Offs=00001E  Size=000003  Align=00001  Fill=0000
    ZEROPAGE          Offs=000000  Size=000000  Align=00001  Fill=0000
    NULL              Offs=000000  Size=000000  Align=00001  Fill=0000
/usr/local/share/cc65/lib/max6502.lib(_seterrno.o):
    CODE              Offs=0005E0  Size=000009  Align=00001  Fill=0000
    RODATA            Offs=00003E  Size=000000  Align=00001  Fill=0000
    BSS               Offs=00002B  Size=000000  Align=00001  Fill=0000
    DATA              Offs=000021  Size=000000  Align=00001  Fill=0000
    ZEROPAGE          Offs=000000  Size=000000  Align=00001  Fill=0000
    NULL              Offs=000000  Size=000000  Align=00001  Fill=0000
/usr/local/share/cc65/lib/max6502.lib(addeqsp.o):
    CODE              Offs=0005E9  Size=000011  Align=00001  Fill=0000
    RODATA            Offs=00003E  Size=000000  Align=00001  Fill=0000
    BSS               Offs=00002B  Size=000000  Align=00001  Fill=0000
    DATA              Offs=000021  Size=000000  Align=00001  Fill=0000
    ZEROPAGE          Offs=000000  Size=000000  Align=00001  Fill=0000
    NULL              Offs=000000  Size=000000  Align=00001  Fill=0000
/usr/local/share/cc65/lib/max6502.lib(addysp.o):
    CODE              Offs=0005FA  Size=00000E  Align=00001  Fill=0000
    RODATA            Offs=00003E  Size=000000  Align=00001  Fill=0000
    BSS               Offs=00002B  Size=000000  Align=00001  Fill=0000
    DATA              Offs=000021  Size=000000  Align=00001  Fill=0000
    ZEROPAGE          Offs=000000  Size=000000  Align=00001  Fill=0000
    NULL              Offs=000000  Size=000000  Align=00001  Fill=0000
/usr/local/share/cc65/lib/max6502.lib(axlong.o):
    CODE              Offs=000608  Size=00000D  Align=00001  Fill=0000
    RODATA            Offs=00003E  Size=000000  Align=00001  Fill=0000
    BSS               Offs=00002B  Size=000000  Align=00001  Fill=0000
    DATA              Offs=000021  Size=000000  Align=00001  Fill=0000
    ZEROPAGE          Offs=000000  Size=000000  Align=00001  Fill=0000
    NULL              Offs=000000  Size=000000  Align=00001  Fill=0000
/usr/local/share/cc65/lib/max6502.lib(condes.o):
    CODE              Offs=000615  Size=00000C  Align=00001  Fill=0000
    RODATA            Offs=00003E  Size=000000  Align=00001  Fill=0000
    BSS               Offs=00002B  Size=000000  Align=00001  Fill=0000
    DATA              Offs=000021  Size=000025  Align=00001  Fill=0000
    ZEROPAGE          Offs=000000  Size=000000  Align=00001  Fill=0000
    NULL              Offs=000000  Size=000000  Align=00001  Fill=0000
    ONCE              Offs=000000  Size=00000C  Align=00001  Fill=0000
/usr/local/share/cc65/lib/max6502.lib(copydata.o):
    CODE              Offs=000621  Size=00002D  Align=00001  Fill=0000
    RODATA            Offs=00003E  Size=000000  Align=00001  Fill=0000
    BSS               Offs=00002B  Size=000000  Align=00001  Fill=0000
    DATA              Offs=000046  Size=000000  Align=00001  Fill=0000
    ZEROPAGE          Offs=000000  Size=000000  Align=00001  Fill=0000
    NULL              Offs=000000  Size=000000  Align=00001  Fill=0000
/usr/local/share/cc65/lib/max6502.lib(crt0.o):
    CODE              Offs=00064E  Size=000000  Align=00001  Fill=0000
    RODATA            Offs=00003E  Size=000000  Align=00001  Fill=0000
    BSS               Offs=00002B  Size=000000  Align=00001  Fill=0000
    DATA              Offs=000046  Size=000000  Align=00001  Fill=0000
    ZEROPAGE          Offs=000000  Size=000000  Align=00001  Fill=0000
    NULL              Offs=000000  Size=000000  Align=00001  Fill=0000
    STARTUP           Offs=000000  Size=00001D  Align=00001  Fill=0000
/usr/local/share/cc65/lib/max6502.lib(ctype.o):
    CODE              Offs=00064E  Size=000000  Align=00001  Fill=0000
    RODATA            Offs=00003E  Size=00008B  Align=00001  Fill=0000
    BSS               Offs=00002B  Size=000000  Align=00001  Fill=0000
    DATA              Offs=000046  Size=000000  Align=00001  Fill=0000
    ZEROPAGE          Offs=000000  Size=000000  Align=00001  Fill=0000
    NULL              Offs=000000  Size=000000  Align=00001  Fill=0000
/usr/local/share/cc65/lib/max6502.lib(ctypemask.o):
    CODE              Offs=00064E  Size=00001E  Align=00001  Fill=0000
    RODATA            Offs=0000C9  Size=000000  Align=00001  Fill=0000
    BSS               Offs=00002B  Size=000000  Align=00001  Fill=0000
    DATA              Offs=000046  Size=000000  Align=00001  Fill=0000
    ZEROPAGE          Offs=000000  Size=000000  Align=00001  Fill=0000
    NULL              Offs=000000  Size=000000  Align=00001  Fill=0000
/usr/local/share/cc65/lib/max6502.lib(decsp2.o):
    CODE              Offs=00066C  Size=00000D  Align=00001  Fill=0000
    RODATA            Offs=0000C9  Size=000000  Align=00001  Fill=0000
    BSS               Offs=00002B  Size=000000  Align=00001  Fill=0000
    DATA              Offs=000046  Size=000000  Align=00001  Fill=0000
    ZEROPAGE          Offs=000000  Size=000000  Align=00001  Fill=0000
    NULL              Offs=000000  Size=000000  Align=00001  Fill=0000
/usr/local/share/cc65/lib/max6502.lib(decsp4.o):
    CODE              Offs=000679  Size=00000D  Align=00001  Fill=0000
    RODATA            Offs=0000C9  Size=000000  Align=00001  Fill=0000
    BSS               Offs=00002B  Size=000000  Align=00001  Fill=0000
    DATA              Offs=000046  Size=000000  Align=00001  Fill=0000
    ZEROPAGE          Offs=000000  Size=000000  Align=00001  Fill=0000
    NULL              Offs=000000  Size=000000  Align=00001  Fill=0000
/usr/local/share/cc65/lib/max6502.lib(decsp6.o):
    CODE              Offs=000686  Size=00000D  Align=00001  Fill=0000
    RODATA            Offs=0000C9  Size=000000  Align=00001  Fill=0000
    BSS               Offs=00002B  Size=000000  Align=00001  Fill=0000
    DATA              Offs=000046  Size=000000  Align=00001  Fill=0000
    ZEROPAGE          Offs=000000  Size=000000  Align=00001  Fill=0000
    NULL              Offs=000000  Size=000000  Align=00001  Fill=0000
/usr/local/share/cc65/lib/max6502.lib(div.o):
    CODE              Offs=000693  Size=000015  Align=00001  Fill=0000
    RODATA            Offs=0000C9  Size=000000  Align=00001  Fill=0000
    BSS               Offs=00002B  Size=000000  Align=00001  Fill=0000
    DATA              Offs=000046  Size=000000  Align=00001  Fill=0000
    ZEROPAGE          Offs=000000  Size=000000  Align=00001  Fill=0000
    NULL              Offs=000000  Size=000000  Align=00001  Fill=0000
/usr/local/share/cc65/lib/max6502.lib(errno.o):
    CODE              Offs=0006A8  Size=000000  Align=00001  Fill=0000
    RODATA            Offs=0000C9  Size=000000  Align=00001  Fill=0000
    BSS               Offs=00002B  Size=000002  Align=00001  Fill=0000
    DATA              Offs=000046  Size=000000  Align=00001  Fill=0000
    ZEROPAGE          Offs=000000  Size=000000  Align=00001  Fill=0000
    NULL              Offs=000000  Size=000000  Align=00001  Fill=0000
/usr/local/share/cc65/lib/max6502.lib(fwrite.o):
    CODE              Offs=0006A8  Size=000079  Align=00001  Fill=0000
    RODATA            Offs=0000C9  Size=000000  Align=00001  Fill=0000
    BSS               Offs=00002D  Size=000002  Align=00001  Fill=0000
    DATA              Offs=000046  Size=000000  Align=00001  Fill=0000
    ZEROPAGE          Offs=000000  Size=000000  Align=00001  Fill=0000
    NULL              Offs=000000  Size=000000  Align=00001  Fill=0000
/usr/local/share/cc65/lib/max6502.lib(incsp1.o):
    CODE              Offs=000721  Size=000007  Align=00001  Fill=0000
    RODATA            Offs=0000C9  Size=000000  Align=00001  Fill=0000
    BSS               Offs=00002F  Size=000000  Align=00001  Fill=0000
    DATA              Offs=000046  Size=000000  Align=00001  Fill=0000
    ZEROPAGE          Offs=000000  Size=000000  Align=00001  Fill=0000
    NULL              Offs=000000  Size=000000  Align=00001  Fill=0000
/usr/local/share/cc65/lib/max6502.lib(incsp2.o):
    CODE              Offs=000728  Size=000016  Align=00001  Fill=0000
    RODATA            Offs=0000C9  Size=000000  Align=00001  Fill=0000
    BSS               Offs=00002F  Size=000000  Align=00001  Fill=0000
    DATA              Offs=000046  Size=000000  Align=00001  Fill=0000
    ZEROPAGE          Offs=000000  Size=000000  Align=00001  Fill=0000
    NULL              Offs=000000  Size=000000  Align=00001  Fill=0000
/usr/local/share/cc65/lib/max6502.lib(incsp3.o):
    CODE              Offs=00073E  Size=000005  Align=00001  Fill=0000
    RODATA            Offs=0000C9  Size=000000  Align=00001  Fill=0000
    BSS               Offs=00002F  Size=000000  Align=00001  Fill=0000
    DATA              Offs=000046  Size=000000  Align=00001  Fill=0000
    ZEROPAGE          Offs=000000  Size=000000  Align=00001  Fill=0000
    NULL              Offs=000000  Size=000000  Align=00001  Fill=0000
/usr/local/share/cc65/lib/max6502.lib(incsp6.o):
    CODE              Offs=000743  Size=000005  Align=00001  Fill=0000
    RODATA            Offs=0000C9  Size=000000  Align=00001  Fill=0000
    BSS               Offs=00002F  Size=000000  Align=00001  Fill=0000
    DATA              Offs=000046  Size=000000  Align=00001  Fill=0000
    ZEROPAGE          Offs=000000  Size=000000  Align=00001  Fill=0000
    NULL              Offs=000000  Size=000000  Align=00001  Fill=0000
/usr/local/share/cc65/lib/max6502.lib(incsp7.o):
    CODE              Offs=000748  Size=000005  Align=00001  Fill=0000
    RODATA            Offs=0000C9  Size=000000  Align=00001  Fill=0000
    BSS               Offs=00002F  Size=000000  Align=00001  Fill=0000
    DATA              Offs=000046  Size=000000  Align=00001  Fill=0000
    ZEROPAGE          Offs=000000  Size=000000  Align=00001  Fill=0000
    NULL              Offs=000000  Size=000000  Align=00001  Fill=0000
/usr/local/share/cc65/lib/max6502.lib(ldaxsp.o):
    CODE              Offs=00074D  Size=000009  Align=00001  Fill=0000
    RODATA            Offs=0000C9  Size=000000  Align=00001  Fill=0000
    BSS               Offs=00002F  Size=000000  Align=00001  Fill=0000
    DATA              Offs=000046  Size=000000  Align=00001  Fill=0000
    ZEROPAGE          Offs=000000  Size=000000  Align=00001  Fill=0000
    NULL              Offs=000000  Size=000000  Align=00001  Fill=0000
/usr/local/share/cc65/lib/max6502.lib(ldeaxysp.o):
    CODE              Offs=000756  Size=000013  Align=00001  Fill=0000
    RODATA            Offs=0000C9  Size=000000  Align=00001  Fill=0000
    BSS               Offs=00002F  Size=000000  Align=00001  Fill=0000
    DATA              Offs=000046  Size=000000  Align=00001  Fill=0000
    ZEROPAGE          Offs=000000  Size=000000  Align=00001  Fill=0000
    NULL              Offs=000000  Size=000000  Align=00001  Fill=0000
/usr/local/share/cc65/lib/max6502.lib(lmul.o):
    CODE              Offs=000769  Size=00005C  Align=00001  Fill=0000
    RODATA            Offs=0000C9  Size=000000  Align=00001  Fill=0000
    BSS               Offs=00002F  Size=000000  Align=00001  Fill=0000
    DATA              Offs=000046  Size=000000  Align=00001  Fill=0000
    ZEROPAGE          Offs=000000  Size=000000  Align=00001  Fill=0000
    NULL              Offs=000000  Size=000000  Align=00001  Fill=0000
/usr/local/share/cc65/lib/max6502.lib(lneg.o):
    CODE              Offs=0007C5  Size=00001E  Align=00001  Fill=0000
    RODATA            Offs=0000C9  Size=000000  Align=00001  Fill=0000
    BSS               Offs=00002F  Size=000000  Align=00001  Fill=0000
    DATA              Offs=000046  Size=000000  Align=00001  Fill=0000
    ZEROPAGE          Offs=000000  Size=000000  Align=00001  Fill=0000
    NULL              Offs=000000  Size=000000  Align=00001  Fill=0000
/usr/local/share/cc65/lib/max6502.lib(lpush.o):
    CODE              Offs=0007E3  Size=000021  Align=00001  Fill=0000
    RODATA            Offs=0000C9  Size=000000  Align=00001  Fill=0000
    BSS               Offs=00002F  Size=000000  Align=00001  Fill=0000
    DATA              Offs=000046  Size=000000  Align=00001  Fill=0000
    ZEROPAGE          Offs=000000  Size=000000  Align=00001  Fill=0000
    NULL              Offs=000000  Size=000000  Align=00001  Fill=0000
/usr/local/share/cc65/lib/max6502.lib(lsub.o):
    CODE              Offs=000804  Size=000027  Align=00001  Fill=0000
    RODATA            Offs=0000C9  Size=000000  Align=00001  Fill=0000
    BSS               Offs=00002F  Size=000000  Align=00001  Fill=0000
    DATA              Offs=000046  Size=000000  Align=00001  Fill=0000
    ZEROPAGE          Offs=000000  Size=000000  Align=00001  Fill=0000
    NULL              Offs=000000  Size=000000  Align=00001  Fill=0000
/usr/local/share/cc65/lib/max6502.lib(ltoa.o):
    CODE              Offs=00082B  Size=000095  Align=00001  Fill=0000
    RODATA            Offs=0000C9  Size=000000  Align=00001  Fill=0000
    BSS               Offs=00002F  Size=000000  Align=00001  Fill=0000
    DATA              Offs=000046  Size=000000  Align=00001  Fill=0000
    ZEROPAGE          Offs=000000  Size=000000  Align=00001  Fill=0000
    NULL              Offs=000000  Size=000000  Align=00001  Fill=0000
/usr/local/share/cc65/lib/max6502.lib(ludiv.o):
    CODE              Offs=0008C0  Size=00007A  Align=00001  Fill=0000
    RODATA            Offs=0000C9  Size=000000  Align=00001  Fill=0000
    BSS               Offs=00002F  Size=000000  Align=00001  Fill=0000
    DATA              Offs=000046  Size=000000  Align=00001  Fill=0000
    ZEROPAGE          Offs=000000  Size=000000  Align=00001  Fill=0000
    NULL              Offs=000000  Size=000000  Align=00001  Fill=0000
/usr/local/share/cc65/lib/max6502.lib(mul.o):
    CODE              Offs=00093A  Size=000045  Align=00001  Fill=0000
    RODATA            Offs=0000C9  Size=000000  Align=00001  Fill=0000
    BSS               Offs=00002F  Size=000000  Align=00001  Fill=0000
    DATA              Offs=000046  Size=000000  Align=00001  Fill=0000
    ZEROPAGE          Offs=000000  Size=000000  Align=00001  Fill=0000
    NULL              Offs=000000  Size=000000  Align=00001  Fill=0000
/usr/local/share/cc65/lib/max6502.lib(mul8.o):
    CODE              Offs=00097F  Size=00003A  Align=00001  Fill=0000
    RODATA            Offs=0000C9  Size=000000  Align=00001  Fill=0000
    BSS               Offs=00002F  Size=000000  Align=00001  Fill=0000
    DATA              Offs=000046  Size=000000  Align=00001  Fill=0000
    ZEROPAGE          Offs=000000  Size=000000  Align=00001  Fill=0000
    NULL              Offs=000000  Size=000000  Align=00001  Fill=0000
/usr/local/share/cc65/lib/max6502.lib(negabs.o):
    CODE              Offs=0009B9  Size=000012  Align=00001  Fill=0000
    RODATA            Offs=0000C9  Size=000000  Align=00001  Fill=0000
    BSS               Offs=00002F  Size=000000  Align=00001  Fill=0000
    DATA              Offs=000046  Size=000000  Align=00001  Fill=0000
    ZEROPAGE          Offs=000000  Size=000000  Align=00001  Fill=0000
    NULL              Offs=000000  Size=000000  Align=00001  Fill=0000
/usr/local/share/cc65/lib/max6502.lib(popptr1.o):
    CODE              Offs=0009CB  Size=00000E  Align=00001  Fill=0000
    RODATA            Offs=0000C9  Size=000000  Align=00001  Fill=0000
    BSS               Offs=00002F  Size=000000  Align=00001  Fill=0000
    DATA              Offs=000046  Size=000000  Align=00001  Fill=0000
    ZEROPAGE          Offs=000000  Size=000000  Align=00001  Fill=0000
    NULL              Offs=000000  Size=000000  Align=00001  Fill=0000
/usr/local/share/cc65/lib/max6502.lib(printf.o):
    CODE              Offs=0009D9  Size=000033  Align=00001  Fill=0000
    RODATA            Offs=0000C9  Size=000000  Align=00001  Fill=0000
    BSS               Offs=00002F  Size=000001  Align=00001  Fill=0000
    DATA              Offs=000046  Size=000000  Align=00001  Fill=0000
    ZEROPAGE          Offs=000000  Size=000000  Align=00001  Fill=0000
    NULL              Offs=000000  Size=000000  Align=00001  Fill=0000
/usr/local/share/cc65/lib/max6502.lib(push1.o):
    CODE              Offs=000A0C  Size=000005  Align=00001  Fill=0000
    RODATA            Offs=0000C9  Size=000000  Align=00001  Fill=0000
    BSS               Offs=000030  Size=000000  Align=00001  Fill=0000
    DATA              Offs=000046  Size=000000  Align=00001  Fill=0000
    ZEROPAGE          Offs=000000  Size=000000  Align=00001  Fill=0000
    NULL              Offs=000000  Size=000000  Align=00001  Fill=0000
/usr/local/share/cc65/lib/max6502.lib(pusha.o):
    CODE              Offs=000A11  Size=000016  Align=00001  Fill=0000
    RODATA            Offs=0000C9  Size=000000  Align=00001  Fill=0000
    BSS               Offs=000030  Size=000000  Align=00001  Fill=0000
    DATA              Offs=000046  Size=000000  Align=00001  Fill=0000
    ZEROPAGE          Offs=000000  Size=000000  Align=00001  Fill=0000
    NULL              Offs=000000  Size=000000  Align=00001  Fill=0000
/usr/local/share/cc65/lib/max6502.lib(pushax.o):
    CODE              Offs=000A27  Size=00001A  Align=00001  Fill=0000
    RODATA            Offs=0000C9  Size=000000  Align=00001  Fill=0000
    BSS               Offs=000030  Size=000000  Align=00001  Fill=0000
    DATA              Offs=000046  Size=000000  Align=00001  Fill=0000
    ZEROPAGE          Offs=000000  Size=000000  Align=00001  Fill=0000
    NULL              Offs=000000  Size=000000  Align=00001  Fill=0000
/usr/local/share/cc65/lib/max6502.lib(pushwsp.o):
    CODE              Offs=000A41  Size=00001C  Align=00001  Fill=0000
    RODATA            Offs=0000C9  Size=000000  Align=00001  Fill=0000
    BSS               Offs=000030  Size=000000  Align=00001  Fill=0000
    DATA              Offs=000046  Size=000000  Align=00001  Fill=0000
    ZEROPAGE          Offs=000000  Size=000000  Align=00001  Fill=0000
    NULL              Offs=000000  Size=000000  Align=00001  Fill=0000
/usr/local/share/cc65/lib/max6502.lib(shelp.o):
    CODE              Offs=000A5D  Size=000020  Align=00001  Fill=0000
    RODATA            Offs=0000C9  Size=000000  Align=00001  Fill=0000
    BSS               Offs=000030  Size=000000  Align=00001  Fill=0000
    DATA              Offs=000046  Size=000000  Align=00001  Fill=0000
    ZEROPAGE          Offs=000000  Size=000000  Align=00001  Fill=0000
    NULL              Offs=000000  Size=000000  Align=00001  Fill=0000
/usr/local/share/cc65/lib/max6502.lib(staxsp.o):
    CODE              Offs=000A7D  Size=00000B  Align=00001  Fill=0000
    RODATA            Offs=0000C9  Size=000000  Align=00001  Fill=0000
    BSS               Offs=000030  Size=000000  Align=00001  Fill=0000
    DATA              Offs=000046  Size=000000  Align=00001  Fill=0000
    ZEROPAGE          Offs=000000  Size=000000  Align=00001  Fill=0000
    NULL              Offs=000000  Size=000000  Align=00001  Fill=0000
/usr/local/share/cc65/lib/max6502.lib(steaxsp.o):
    CODE              Offs=000A88  Size=000015  Align=00001  Fill=0000
    RODATA            Offs=0000C9  Size=000000  Align=00001  Fill=0000
    BSS               Offs=000030  Size=000000  Align=00001  Fill=0000
    DATA              Offs=000046  Size=000000  Align=00001  Fill=0000
    ZEROPAGE          Offs=000000  Size=000000  Align=00001  Fill=0000
    NULL              Offs=000000  Size=000000  Align=00001  Fill=0000
/usr/local/share/cc65/lib/max6502.lib(strlen.o):
    CODE              Offs=000A9D  Size=000016  Align=00001  Fill=0000
    RODATA            Offs=0000C9  Size=000000  Align=00001  Fill=0000
    BSS               Offs=000030  Size=000000  Align=00001  Fill=0000
    DATA              Offs=000046  Size=000000  Align=00001  Fill=0000
    ZEROPAGE          Offs=000000  Size=000000  Align=00001  Fill=0000
    NULL              Offs=000000  Size=000000  Align=00001  Fill=0000
/usr/local/share/cc65/lib/max6502.lib(strlower.o):
    CODE              Offs=000AB3  Size=000027  Align=00001  Fill=0000
    RODATA            Offs=0000C9  Size=000000  Align=00001  Fill=0000
    BSS               Offs=000030  Size=000000  Align=00001  Fill=0000
    DATA              Offs=000046  Size=000000  Align=00001  Fill=0000
    ZEROPAGE          Offs=000000  Size=000000  Align=00001  Fill=0000
    NULL              Offs=000000  Size=000000  Align=00001  Fill=0000
/usr/local/share/cc65/lib/max6502.lib(subysp.o):
    CODE              Offs=000ADA  Size=00000D  Align=00001  Fill=0000
    RODATA            Offs=0000C9  Size=000000  Align=00001  Fill=0000
    BSS               Offs=000030  Size=000000  Align=00001  Fill=0000
    DATA              Offs=000046  Size=000000  Align=00001  Fill=0000
    ZEROPAGE          Offs=000000  Size=000000  Align=00001  Fill=0000
    NULL              Offs=000000  Size=000000  Align=00001  Fill=0000
/usr/local/share/cc65/lib/max6502.lib(toslong.o):
    CODE              Offs=000AE7  Size=000038  Align=00001  Fill=0000
    RODATA            Offs=0000C9  Size=000000  Align=00001  Fill=0000
    BSS               Offs=000030  Size=000000  Align=00001  Fill=0000
    DATA              Offs=000046  Size=000000  Align=00001  Fill=0000
    ZEROPAGE          Offs=000000  Size=000000  Align=00001  Fill=0000
    NULL              Offs=000000  Size=000000  Align=00001  Fill=0000
/usr/local/share/cc65/lib/max6502.lib(udiv.o):
    CODE              Offs=000B1F  Size=00004F  Align=00001  Fill=0000
    RODATA            Offs=0000C9  Size=000000  Align=00001  Fill=0000
    BSS               Offs=000030  Size=000000  Align=00001  Fill=0000
    DATA              Offs=000046  Size=000000  Align=00001  Fill=0000
    ZEROPAGE          Offs=000000  Size=000000  Align=00001  Fill=0000
    NULL              Offs=000000  Size=000000  Align=00001  Fill=0000
/usr/local/share/cc65/lib/max6502.lib(umod.o):
    CODE              Offs=000B6E  Size=000011  Align=00001  Fill=0000
    RODATA            Offs=0000C9  Size=000000  Align=00001  Fill=0000
    BSS               Offs=000030  Size=000000  Align=00001  Fill=0000
    DATA              Offs=000046  Size=000000  Align=00001  Fill=0000
    ZEROPAGE          Offs=000000  Size=000000  Align=00001  Fill=0000
    NULL              Offs=000000  Size=000000  Align=00001  Fill=0000
/usr/local/share/cc65/lib/max6502.lib(vfprintf.o):
    CODE              Offs=000B7F  Size=000061  Align=00001  Fill=0000
    RODATA            Offs=0000C9  Size=000000  Align=00001  Fill=0000
    BSS               Offs=000030  Size=000000  Align=00001  Fill=0000
    DATA              Offs=000046  Size=000008  Align=00001  Fill=0000
    ZEROPAGE          Offs=000000  Size=000000  Align=00001  Fill=0000
    NULL              Offs=000000  Size=000000  Align=00001  Fill=0000
/usr/local/share/cc65/lib/max6502.lib(write.o):
    CODE              Offs=000BE0  Size=000037  Align=00001  Fill=0000
    RODATA            Offs=0000C9  Size=000000  Align=00001  Fill=0000
    BSS               Offs=000030  Size=000000  Align=00001  Fill=0000
    DATA              Offs=00004E  Size=000000  Align=00001  Fill=0000
    ZEROPAGE          Offs=000000  Size=000000  Align=00001  Fill=0000
    NULL              Offs=000000  Size=000000  Align=00001  Fill=0000
/usr/local/share/cc65/lib/max6502.lib(zerobss.o):
    CODE              Offs=000C17  Size=000023  Align=00001  Fill=0000
    RODATA            Offs=0000C9  Size=000000  Align=00001  Fill=0000
    BSS               Offs=000030  Size=000000  Align=00001  Fill=0000
    DATA              Offs=00004E  Size=000000  Align=00001  Fill=0000
    ZEROPAGE          Offs=000000  Size=000000  Align=00001  Fill=0000
    NULL              Offs=000000  Size=000000  Align=00001  Fill=0000
/usr/local/share/cc65/lib/max6502.lib(zeropage.o):
    CODE              Offs=000C3A  Size=000000  Align=00001  Fill=0000
    RODATA            Offs=0000C9  Size=000000  Align=00001  Fill=0000
    BSS               Offs=000030  Size=000000  Align=00001  Fill=0000
    DATA              Offs=00004E  Size=000000  Align=00001  Fill=0000
    ZEROPAGE          Offs=000000  Size=00001A  Align=00001  Fill=0000
    NULL              Offs=000000  Size=000000  Align=00001  Fill=0000


Segment list:
-------------
Name                   Start     End    Size  Align
----------------------------------------------------
NULL                  000000  000000  000000  00001
ZEROPAGE              000000  000019  00001A  00001
STARTUP               000300  00031C  00001D  00001
CODE                  00031D  000F56  000C3A  00001
RODATA                000F57  00101F  0000C9  00001
ONCE                  001020  00102B  00000C  00001
DATA                  00102C  001079  00004E  00001
BSS                   00107A  0010A9  000030  00001


Exports list by name:
---------------------
__BSS_LOAD__              00107A  LA    __BSS_RUN__               00107A RLA    
__BSS_SIZE__              000030 REA    __CODE_LOAD__             00031D  LA    
__CODE_RUN__              00031D  LA    __CODE_SIZE__             000C3A  EA    
__CONSTRUCTOR_COUNT__     000000 REA    __CONSTRUCTOR_TABLE__     00031D RLA    
__CPUSTACK_FILEOFFS__     000000  EA    __CPUSTACK_LAST__         000100  LA    
__CPUSTACK_SIZE__         000100  EA    __CPUSTACK_START__        000100  LA    
__DATA_LOAD__             00102C RLA    __DATA_RUN__              00102C RLA    
__DATA_SIZE__             00004E REA    __DESTRUCTOR_COUNT__      000000 REA    
__DESTRUCTOR_TABLE__      00031D RLA    __ONCE_LOAD__             001020  LA    
__ONCE_RUN__              001020  LA    __ONCE_SIZE__             00000C  EA    
__RAM_FILEOFFS__          000000  EA    __RAM_LAST__              0010AA  LA    
__RAM_SIZE__              00EC80 REA    __RAM_START__             000300 RLA    
__RODATA_LOAD__           000F57  LA    __RODATA_RUN__            000F57  LA    
__RODATA_SIZE__           0000C9  EA    __ROM_FILEOFFS__          000000  EA    
__ROM_LAST__              00F000  LA    __ROM_SIZE__              001000  EA    
__ROM_START__             00F000  LA    __STACKSIZE__             000080 REA    
__STARTADDRESS__          000300  EA    __STARTUP_LOAD__          000300  LA    
__STARTUP_RUN__           000300  LA    __STARTUP_SIZE__          00001D  EA    
__STARTUP__               000001 REA    __ZEROPAGE_LOAD__         000000  LA    
__ZEROPAGE_RUN__          000000  LA    __ZEROPAGE_SIZE__         00001A  EA    
__ZP_FILEOFFS__           000000  EA    __ZP_LAST__               00001A  LA    
__ZP_SIZE__               0000EE  EA    __ZP_START__              000000  LA    
___errno                  0010A5 RLA    ___seterrno               0008FD RLA    
__ctype                   000F95 RLA    __ctypeidx                000FA0 RLA    
__filetab                 00102C  LA    __hextab                  000F79 RLA    
__longminstr              000F89 RLA    __printf                  00064C RLA    
_abs                      000CD6  LA    _exit                     00031A  LA    
_fwrite                   0009C5 RLA    _init                     000300  LA    
_ltoa                     000B60 RLA    _main                     00031D RLA    
_printf                   000CF6 RLA    _stderr                   001048  LA    
_stdin                    001044  LA    _stdout                   001046 RLA    
_strlen                   000DBA RLA    _strlen_ptr4              000DBE  LA    
_strlower                 000DD0 RLA    _strlwr                   000DD0  LA    
_timer_cpu_speed          000374 RLA    _timer_delay_ms           0004AF  LA    
_timer_delay_ticks        0003CD  LA    _timer_delay_us           0003F4  LA    
_timer_get_frequency_hz   00051E  LA    _timer_get_ticks_per_ms   00053E  LA    
_timer_get_ticks_per_us   000558  LA    _timer_is_running         000367  LA    
_timer_read               00034B  LA    _timer_start              00033F  LA    
_timer_stop               000345  LA    _timer_ticks_to_ms        00039D  LA    
_timer_ticks_to_us        00037A  LA    _ultoa                    000BA1 RLA    
_vfprintf                 000ED4 RLA    _write                    000EFD RLA    
addeq0sp                  000906 RLA    addeqysp                  000908  LA    
addysp                    000918 RLA    addysp1                   000917 RLA    
axlong                    000925 RLA    axulong                   00092B RLA    
c_sp                      000000 RLZ    condes                    00104D  LA    
copydata                  00093E RLA    ctypemask                 00096B  LA    
ctypemaskdirect           00096F RLA    decsp2                    000989 RLA    
decsp4                    000996 RLA    decsp6                    0009A3 RLA    
donelib                   000932  LA    getlop                    000BEE  LA    
incsp1                    000A3E RLA    incsp2                    000A4D RLA    
incsp3                    000A5B RLA    incsp6                    000A60 RLA    
incsp7                    000A65 RLA    initlib                   001020 RLA    
ldax0sp                   000A6A RLA    ldaxysp                   000A6C RLA    
ldeax0sp                  000A73 RLA    ldeaxysp                  000A75 RLA    
mul8x16                   000C9E RLA    mul8x16a                  000CA8 RLA    
negax                     000CDA RLA    negeax                    000AE2 RLA    
popax                     000A45 RLA    popptr1                   000CE8 RLA    
popsargsudiv16            000D7A RLA    ptr1                      000008 RLZ    
ptr2                      00000A RLZ    ptr3                      00000C RLZ    
ptr4                      00000E RLZ    push0                     000D44  LA    
push0ax                   000B03  LA    push1                     000D29 RLA    
pusha                     000D32 RLA    pusha0                    000D46 RLA    
pusha0sp                  000D2E  LA    pushax                    000D48 RLA    
pushaysp                  000D30  LA    pusheax                   000B09 RLA    
pushl0                    000B00  LA    pushw0sp                  000D5E  LA    
pushwysp                  000D60 RLA    regbank                   000014 RLZ    
regsave                   000004  LZ    sreg                      000002 RLZ    
stax0sp                   000D9A RLA    staxysp                   000D9C RLA    
steax0sp                  000DA5 RLA    steaxysp                  000DA7 RLA    
subysp                    000DF7 RLA    tmp1                      000010 RLZ    
tmp2                      000011 RLZ    tmp3                      000012 RLZ    
tmp4                      000013 RLZ    tosdiva0                  0009B0 RLA    
tosdivax                  0009B2  LA    toslong                   000E22  LA    
tosmul0ax                 000A86  LA    tosmula0                  000C9C  LA    
tosmulax                  000C57  LA    tosmuleax                 000A8C  LA    
tossub0ax                 000B21  LA    tossubeax                 000B27 RLA    
tosudiv0ax                000BDD  LA    tosudiva0                 000E3C  LA    
tosudivax                 000E3E RLA    tosudiveax                000BE3 RLA    
tosulong                  000E04 RLA    tosumoda0                 000E8B  LA    
tosumodax                 000E8D RLA    tosumul0ax                000A86 RLA    
tosumula0                 000C9C  LA    tosumulax                 000C57 RLA    
tosumuleax                000A8C RLA    udiv16                    000E4D RLA    
udiv32                    000C12  LA    zerobss                   000F34 RLA    



Exports list by value:
----------------------
__CONSTRUCTOR_COUNT__     000000 REA    __CPUSTACK_FILEOFFS__     000000  EA    
__DESTRUCTOR_COUNT__      000000 REA    __RAM_FILEOFFS__          000000  EA    
__ROM_FILEOFFS__          000000  EA    __ZEROPAGE_LOAD__         000000  LA    
__ZEROPAGE_RUN__          000000  LA    __ZP_FILEOFFS__           000000  EA    
__ZP_START__              000000  LA    c_sp                      000000 RLZ    
__STARTUP__               000001 REA    sreg                      000002 RLZ    
regsave                   000004  LZ    ptr1                      000008 RLZ    
ptr2                      00000A RLZ    __ONCE_SIZE__             00000C  EA    
ptr3                      00000C RLZ    ptr4                      00000E RLZ    
tmp1                      000010 RLZ    tmp2                      000011 RLZ    
tmp3                      000012 RLZ    tmp4                      000013 RLZ    
regbank                   000014 RLZ    __ZEROPAGE_SIZE__         00001A  EA    
__ZP_LAST__               00001A  LA    __STARTUP_SIZE__          00001D  EA    
__BSS_SIZE__              000030 REA    __DATA_SIZE__             00004E REA    
__STACKSIZE__             000080 REA    __RODATA_SIZE__           0000C9  EA    
__ZP_SIZE__               0000EE  EA    __CPUSTACK_LAST__         000100  LA    
__CPUSTACK_SIZE__         000100  EA    __CPUSTACK_START__        000100  LA    
__RAM_START__             000300 RLA    __STARTADDRESS__          000300  EA    
__STARTUP_LOAD__          000300  LA    __STARTUP_RUN__           000300  LA    
_init                     000300  LA    _exit                     00031A  LA    
__CODE_LOAD__             00031D  LA    __CODE_RUN__              00031D  LA    
__CONSTRUCTOR_TABLE__     00031D RLA    __DESTRUCTOR_TABLE__      00031D RLA    
_main                     00031D RLA    _timer_start              00033F  LA    
_timer_stop               000345  LA    _timer_read               00034B  LA    
_timer_is_running         000367  LA    _timer_cpu_speed          000374 RLA    
_timer_ticks_to_us        00037A  LA    _timer_ticks_to_ms        00039D  LA    
_timer_delay_ticks        0003CD  LA    _timer_delay_us           0003F4  LA    
_timer_delay_ms           0004AF  LA    _timer_get_frequency_hz   00051E  LA    
_timer_get_ticks_per_ms   00053E  LA    _timer_get_ticks_per_us   000558  LA    
__printf                  00064C RLA    ___seterrno               0008FD RLA    
addeq0sp                  000906 RLA    addeqysp                  000908  LA    
addysp1                   000917 RLA    addysp                    000918 RLA    
axlong                    000925 RLA    axulong                   00092B RLA    
donelib                   000932  LA    copydata                  00093E RLA    
ctypemask                 00096B  LA    ctypemaskdirect           00096F RLA    
decsp2                    000989 RLA    decsp4                    000996 RLA    
decsp6                    0009A3 RLA    tosdiva0                  0009B0 RLA    
tosdivax                  0009B2  LA    _fwrite                   0009C5 RLA    
incsp1                    000A3E RLA    popax                     000A45 RLA    
incsp2                    000A4D RLA    incsp3                    000A5B RLA    
incsp6                    000A60 RLA    incsp7                    000A65 RLA    
ldax0sp                   000A6A RLA    ldaxysp                   000A6C RLA    
ldeax0sp                  000A73 RLA    ldeaxysp                  000A75 RLA    
tosmul0ax                 000A86  LA    tosumul0ax                000A86 RLA    
tosmuleax                 000A8C  LA    tosumuleax                000A8C RLA    
negeax                    000AE2 RLA    pushl0                    000B00  LA    
push0ax                   000B03  LA    pusheax                   000B09 RLA    
tossub0ax                 000B21  LA    tossubeax                 000B27 RLA    
_ltoa                     000B60 RLA    _ultoa                    000BA1 RLA    
tosudiv0ax                000BDD  LA    tosudiveax                000BE3 RLA    
getlop                    000BEE  LA    udiv32                    000C12  LA    
__CODE_SIZE__             000C3A  EA    tosmulax                  000C57  LA    
tosumulax                 000C57 RLA    tosmula0                  000C9C  LA    
tosumula0                 000C9C  LA    mul8x16                   000C9E RLA    
mul8x16a                  000CA8 RLA    _abs                      000CD6  LA    
negax                     000CDA RLA    popptr1                   000CE8 RLA    
_printf                   000CF6 RLA    push1                     000D29 RLA    
pusha0sp                  000D2E  LA    pushaysp                  000D30  LA    
pusha                     000D32 RLA    push0                     000D44  LA    
pusha0                    000D46 RLA    pushax                    000D48 RLA    
pushw0sp                  000D5E  LA    pushwysp                  000D60 RLA    
popsargsudiv16            000D7A RLA    stax0sp                   000D9A RLA    
staxysp                   000D9C RLA    steax0sp                  000DA5 RLA    
steaxysp                  000DA7 RLA    _strlen                   000DBA RLA    
_strlen_ptr4              000DBE  LA    _strlower                 000DD0 RLA    
_strlwr                   000DD0  LA    subysp                    000DF7 RLA    
tosulong                  000E04 RLA    toslong                   000E22  LA    
tosudiva0                 000E3C  LA    tosudivax                 000E3E RLA    
udiv16                    000E4D RLA    tosumoda0                 000E8B  LA    
tosumodax                 000E8D RLA    _vfprintf                 000ED4 RLA    
_write                    000EFD RLA    zerobss                   000F34 RLA    
__RODATA_LOAD__           000F57  LA    __RODATA_RUN__            000F57  LA    
__hextab                  000F79 RLA    __longminstr              000F89 RLA    
__ctype                   000F95 RLA    __ctypeidx                000FA0 RLA    
__ROM_SIZE__              001000  EA    __ONCE_LOAD__             001020  LA    
__ONCE_RUN__              001020  LA    initlib                   001020 RLA    
__DATA_LOAD__             00102C RLA    __DATA_RUN__              00102C RLA    
__filetab                 00102C  LA    _stdin                    001044  LA    
_stdout                   001046 RLA    _stderr                   001048  LA    
condes                    00104D  LA    __BSS_LOAD__              00107A  LA    
__BSS_RUN__               00107A RLA    ___errno                  0010A5 RLA    
__RAM_LAST__              0010AA  LA    __RAM_SIZE__              00EC80 REA    
__ROM_LAST__              00F000  LA    __ROM_START__             00F000  LA    



Imports list:
-------------
__BSS_LOAD__ ([linker generated]):
__BSS_RUN__ ([linker generated]):
    zerobss.o                 common/zerobss.s:8
__BSS_SIZE__ ([linker generated]):
    zerobss.o                 common/zerobss.s:8
__CODE_LOAD__ ([linker generated]):
__CODE_RUN__ ([linker generated]):
__CODE_SIZE__ ([linker generated]):
__CONSTRUCTOR_COUNT__ ([linker generated]):
    condes.o                  runtime/condes.s:18
__CONSTRUCTOR_TABLE__ ([linker generated]):
    condes.o                  runtime/condes.s:18
__CPUSTACK_FILEOFFS__ ([linker generated]):
__CPUSTACK_LAST__ ([linker generated]):
__CPUSTACK_SIZE__ ([linker generated]):
__CPUSTACK_START__ ([linker generated]):
__DATA_LOAD__ ([linker generated]):
    copydata.o                common/copydata.s:8
__DATA_RUN__ ([linker generated]):
    copydata.o                common/copydata.s:8
__DATA_SIZE__ ([linker generated]):
    copydata.o                common/copydata.s:8
__DESTRUCTOR_COUNT__ ([linker generated]):
    condes.o                  runtime/condes.s:19
__DESTRUCTOR_TABLE__ ([linker generated]):
    condes.o                  runtime/condes.s:19
__ONCE_LOAD__ ([linker generated]):
__ONCE_RUN__ ([linker generated]):
__ONCE_SIZE__ ([linker generated]):
__RAM_FILEOFFS__ ([linker generated]):
__RAM_LAST__ ([linker generated]):
__RAM_SIZE__ ([linker generated]):
    crt0.o                    max6502/crt0.s:10
__RAM_START__ ([linker generated]):
    crt0.o                    max6502/crt0.s:10
__RODATA_LOAD__ ([linker generated]):
__RODATA_RUN__ ([linker generated]):
__RODATA_SIZE__ ([linker generated]):
__ROM_FILEOFFS__ ([linker generated]):
__ROM_LAST__ ([linker generated]):
__ROM_SIZE__ ([linker generated]):
__ROM_START__ ([linker generated]):
__STACKSIZE__ ([linker generated]):
    [linker generated]        /usr/local/share/cc65/cfg/max6502.cfg:26
__STARTADDRESS__ ([linker generated]):
__STARTUP_LOAD__ ([linker generated]):
__STARTUP_RUN__ ([linker generated]):
__STARTUP_SIZE__ ([linker generated]):
__STARTUP__ (crt0.o):
    hello.c.1593.0.o          hello.c.1593.0.s:13
__ZEROPAGE_LOAD__ ([linker generated]):
__ZEROPAGE_RUN__ ([linker generated]):
__ZEROPAGE_SIZE__ ([linker generated]):
__ZP_FILEOFFS__ ([linker generated]):
__ZP_LAST__ ([linker generated]):
__ZP_SIZE__ ([linker generated]):
__ZP_START__ ([linker generated]):
___errno (errno.o):
    _seterrno.o               /home/didier/6502/tools/cc65/asminc/errno.inc:7
___seterrno (_seterrno.o):
    fwrite.o                  /home/didier/6502/tools/cc65/asminc/errno.inc:9
__ctype (ctype.o):
    ctypemask.o               common/ctypemask.s:23
__ctypeidx (ctype.o):
    ctypemask.o               common/ctypemask.s:24
__filetab (_file.o):
__hextab (_hextab.o):
    ltoa.o                    common/ltoa.s:10
__longminstr (_longminstr.o):
    ltoa.o                    common/ltoa.s:10
__printf (_printf.o):
    vfprintf.o                common/vfprintf.s:10
_abs (negabs.o):
_exit (crt0.o):
_fwrite (fwrite.o):
    vfprintf.o                common/vfprintf.s:10
_init (crt0.o):
_ltoa (ltoa.o):
    _printf.o                 common/_printf.s:12
_main (hello.c.1593.0.o):
    crt0.o                    max6502/crt0.s:8
_printf (printf.o):
    hello.c.1593.0.o          hello.c.1593.0.s:14
_stderr (_file.o):
_stdin (_file.o):
_stdout (_file.o):
    printf.o                  common/printf.s:8
_strlen (strlen.o):
    _printf.o                 common/_printf.s:13
_strlen_ptr4 (strlen.o):
_strlower (strlower.o):
    _printf.o                 common/_printf.s:13
_strlwr (strlower.o):
_timer_cpu_speed (timer.o):
    hello.c.1593.0.o          hello.c.1593.0.s:15
_timer_delay_ms (timer.o):
_timer_delay_ticks (timer.o):
_timer_delay_us (timer.o):
_timer_get_frequency_hz (timer.o):
_timer_get_ticks_per_ms (timer.o):
_timer_get_ticks_per_us (timer.o):
_timer_is_running (timer.o):
_timer_read (timer.o):
_timer_start (timer.o):
_timer_stop (timer.o):
_timer_ticks_to_ms (timer.o):
_timer_ticks_to_us (timer.o):
_ultoa (ltoa.o):
    _printf.o                 common/_printf.s:12
_vfprintf (vfprintf.o):
    printf.o                  common/printf.s:8
_write (write.o):
    fwrite.o                  common/fwrite.s:10
addeq0sp (addeqsp.o):
    timer.o                   timer.s:425
addeqysp (addeqsp.o):
addysp (addysp.o):
    fwrite.o                  common/fwrite.s:11
    printf.o                  common/printf.s:8
    incsp7.o                  runtime/incsp7.s:8
    incsp6.o                  runtime/incsp6.s:8
    incsp3.o                  runtime/incsp3.s:8
    timer.o                   timer.s:425
    timer.o                   timer.s:425
addysp1 (addysp.o):
    ludiv.o                   runtime/ludiv.s:9
    lsub.o                    runtime/lsub.s:11
    lmul.o                    runtime/lmul.s:9
axlong (axlong.o):
    _printf.o                 common/_printf.s:11
    timer.o                   timer.s:425
axulong (axlong.o):
    _printf.o                 common/_printf.s:11
    timer.o                   timer.s:425
    timer.o                   timer.s:425
    timer.o                   timer.s:425
    timer.o                   timer.s:425
    timer.o                   timer.s:425
    timer.o                   timer.s:425
c_sp (zeropage.o):
    popptr1.o                 runtime/popptr1.s:9
    decsp6.o                  runtime/decsp6.s:8
    _printf.o                 /home/didier/6502/tools/cc65/asminc/zeropage.inc:11
    vfprintf.o                common/vfprintf.s:11
    toslong.o                 runtime/toslong.s:9
    subysp.o                  runtime/subysp.s:9
    steaxsp.o                 runtime/steaxsp.s:8
    staxsp.o                  runtime/staxsp.s:8
    pushwsp.o                 runtime/pushwsp.s:8
    pushax.o                  runtime/pushax.s:8
    pusha.o                   runtime/pusha.s:8
    printf.o                  common/printf.s:9
    ludiv.o                   runtime/ludiv.s:10
    lsub.o                    runtime/lsub.s:12
    lpush.o                   runtime/lpush.s:13
    lmul.o                    runtime/lmul.s:10
    ldeaxysp.o                runtime/ldeaxysp.s:12
    ldaxsp.o                  runtime/ldaxsp.s:8
    incsp2.o                  runtime/incsp2.s:8
    incsp1.o                  runtime/incsp1.s:8
    decsp4.o                  runtime/decsp4.s:8
    decsp2.o                  runtime/decsp2.s:8
    crt0.o                    /home/didier/6502/tools/cc65/asminc/zeropage.inc:11
    addysp.o                  runtime/addysp.s:8
    addeqsp.o                 runtime/addeqsp.s:8
    timer.o                   timer.s:10
condes (condes.o):
copydata (copydata.o):
    crt0.o                    max6502/crt0.s:9
ctypemask (ctypemask.o):
ctypemaskdirect (ctypemask.o):
    strlower.o                common/strlower.s:14
decsp2 (decsp2.o):
    toslong.o                 runtime/toslong.s:8
    timer.o                   timer.s:425
decsp4 (decsp4.o):
    lpush.o                   runtime/lpush.s:12
    timer.o                   timer.s:425
decsp6 (decsp6.o):
    _printf.o                 common/_printf.s:11
donelib (condes.o):
getlop (ludiv.o):
incsp1 (incsp1.o):
    timer.o                   timer.s:425
    timer.o                   timer.s:425
incsp2 (incsp2.o):
    popptr1.o                 runtime/popptr1.s:8
    timer.o                   timer.s:425
incsp3 (incsp3.o):
    timer.o                   timer.s:425
incsp6 (incsp6.o):
    fwrite.o                  common/fwrite.s:11
    vfprintf.o                common/vfprintf.s:9
    timer.o                   timer.s:425
incsp7 (incsp7.o):
    timer.o                   timer.s:425
initlib (condes.o):
    crt0.o                    max6502/crt0.s:9
ldax0sp (ldaxsp.o):
    timer.o                   timer.s:425
ldaxysp (ldaxsp.o):
    fwrite.o                  common/fwrite.s:11
    timer.o                   timer.s:425
    timer.o                   timer.s:425
    timer.o                   timer.s:425
ldeax0sp (ldeaxysp.o):
    timer.o                   timer.s:425
ldeaxysp (ldeaxysp.o):
    timer.o                   timer.s:425
    timer.o                   timer.s:425
    timer.o                   timer.s:425
mul8x16 (mul8.o):
    mul.o                     runtime/mul.s:8
mul8x16a (mul8.o):
    mul.o                     runtime/mul.s:8
negax (negabs.o):
    shelp.o                   runtime/shelp.s:11
    div.o                     runtime/div.s:11
negeax (lneg.o):
    ltoa.o                    common/ltoa.s:9
popax (incsp2.o):
    write.o                   max6502/write.s:7
    ltoa.o                    common/ltoa.s:9
    _printf.o                 common/_printf.s:11
    shelp.o                   runtime/shelp.s:11
popptr1 (popptr1.o):
    write.o                   max6502/write.s:7
    mul8.o                    runtime/mul8.s:9
    mul.o                     runtime/mul.s:9
    ltoa.o                    common/ltoa.s:9
    umod.o                    runtime/umod.s:8
    udiv.o                    runtime/udiv.s:9
popsargsudiv16 (shelp.o):
    div.o                     runtime/div.s:11
ptr1 (zeropage.o):
    write.o                   max6502/write.s:8
    strlower.o                common/strlower.s:13
    popptr1.o                 runtime/popptr1.s:9
    mul8.o                    runtime/mul8.s:10
    mul.o                     runtime/mul.s:10
    ltoa.o                    common/ltoa.s:11
    fwrite.o                  common/fwrite.s:14
    copydata.o                common/copydata.s:9
    _printf.o                 /home/didier/6502/tools/cc65/asminc/zeropage.inc:12
    zerobss.o                 common/zerobss.s:9
    vfprintf.o                common/vfprintf.s:11
    udiv.o                    runtime/udiv.s:10
    shelp.o                   runtime/shelp.s:12
    printf.o                  common/printf.s:9
    ludiv.o                   runtime/ludiv.s:10
    lmul.o                    runtime/lmul.s:10
    div.o                     runtime/div.s:12
ptr2 (zeropage.o):
    write.o                   max6502/write.s:8
    strlower.o                common/strlower.s:13
    ltoa.o                    common/ltoa.s:11
    copydata.o                common/copydata.s:9
    _printf.o                 /home/didier/6502/tools/cc65/asminc/zeropage.inc:12
    ludiv.o                   runtime/ludiv.s:10
ptr3 (zeropage.o):
    write.o                   max6502/write.s:8
    ltoa.o                    common/ltoa.s:11
    ludiv.o                   runtime/ludiv.s:10
    lmul.o                    runtime/lmul.s:10
ptr4 (zeropage.o):
    strlen.o                  common/strlen.s:12
    mul8.o                    runtime/mul8.s:10
    mul.o                     runtime/mul.s:10
    umod.o                    runtime/umod.s:9
    udiv.o                    runtime/udiv.s:10
    shelp.o                   runtime/shelp.s:12
    ludiv.o                   runtime/ludiv.s:10
    lmul.o                    runtime/lmul.s:10
push0 (pushax.o):
push0ax (lpush.o):
push1 (push1.o):
    _printf.o                 common/_printf.s:11
    vfprintf.o                common/vfprintf.s:9
pusha (pusha.o):
    timer.o                   timer.s:425
    timer.o                   timer.s:425
    timer.o                   timer.s:425
    timer.o                   timer.s:425
pusha0 (pushax.o):
    push1.o                   runtime/push1.s:8
    fwrite.o                  common/fwrite.s:11
pusha0sp (pusha.o):
pushax (pushax.o):
    fwrite.o                  common/fwrite.s:11
    _printf.o                 common/_printf.s:11
    printf.o                  common/printf.s:8
    timer.o                   timer.s:425
    timer.o                   timer.s:425
    timer.o                   timer.s:425
    timer.o                   timer.s:425
    timer.o                   timer.s:425
    hello.c.1593.0.o          hello.c.1593.0.s:53
pushaysp (pusha.o):
pusheax (lpush.o):
    _printf.o                 common/_printf.s:11
    timer.o                   timer.s:425
    timer.o                   timer.s:425
    timer.o                   timer.s:425
    timer.o                   timer.s:425
    timer.o                   timer.s:425
    timer.o                   timer.s:425
pushl0 (lpush.o):
pushw0sp (pushwsp.o):
pushwysp (pushwsp.o):
    fwrite.o                  common/fwrite.s:11
    vfprintf.o                common/vfprintf.s:9
    timer.o                   timer.s:425
    timer.o                   timer.s:425
regbank (zeropage.o):
    _printf.o                 /home/didier/6502/tools/cc65/asminc/zeropage.inc:14
regsave (zeropage.o):
sreg (zeropage.o):
    lneg.o                    runtime/lneg.s:11
    ltoa.o                    common/ltoa.s:11
    _printf.o                 /home/didier/6502/tools/cc65/asminc/zeropage.inc:11
    umod.o                    runtime/umod.s:9
    udiv.o                    runtime/udiv.s:10
    steaxsp.o                 runtime/steaxsp.s:8
    ludiv.o                   runtime/ludiv.s:10
    lsub.o                    runtime/lsub.s:12
    lpush.o                   runtime/lpush.s:13
    lmul.o                    runtime/lmul.s:10
    ldeaxysp.o                runtime/ldeaxysp.s:12
    axlong.o                  runtime/axlong.s:9
    timer.o                   timer.s:10
stax0sp (staxsp.o):
    timer.o                   timer.s:425
    timer.o                   timer.s:425
staxysp (staxsp.o):
    timer.o                   timer.s:425
    timer.o                   timer.s:425
steax0sp (steaxsp.o):
    timer.o                   timer.s:425
steaxysp (steaxsp.o):
    timer.o                   timer.s:425
    timer.o                   timer.s:425
subysp (subysp.o):
    timer.o                   timer.s:425
    timer.o                   timer.s:425
tmp1 (zeropage.o):
    mul.o                     runtime/mul.s:10
    ltoa.o                    common/ltoa.s:11
    copydata.o                common/copydata.s:9
    _printf.o                 /home/didier/6502/tools/cc65/asminc/zeropage.inc:13
    shelp.o                   runtime/shelp.s:12
    div.o                     runtime/div.s:12
tmp2 (zeropage.o):
    shelp.o                   runtime/shelp.s:12
    lmul.o                    runtime/lmul.s:10
    div.o                     runtime/div.s:12
tmp3 (zeropage.o):
    ludiv.o                   runtime/ludiv.s:10
    lmul.o                    runtime/lmul.s:10
tmp4 (zeropage.o):
    ludiv.o                   runtime/ludiv.s:10
    lmul.o                    runtime/lmul.s:10
tosdiva0 (div.o):
    timer.o                   timer.s:425
tosdivax (div.o):
toslong (toslong.o):
tosmul0ax (lmul.o):
tosmula0 (mul8.o):
tosmulax (mul.o):
tosmuleax (lmul.o):
tossub0ax (lsub.o):
tossubeax (lsub.o):
    timer.o                   timer.s:425
tosudiv0ax (ludiv.o):
tosudiva0 (udiv.o):
tosudivax (udiv.o):
    fwrite.o                  common/fwrite.s:12
    timer.o                   timer.s:425
tosudiveax (ludiv.o):
    timer.o                   timer.s:425
    timer.o                   timer.s:425
tosulong (toslong.o):
    timer.o                   timer.s:425
tosumoda0 (umod.o):
tosumodax (umod.o):
    timer.o                   timer.s:425
tosumul0ax (lmul.o):
    timer.o                   timer.s:425
    timer.o                   timer.s:425
    timer.o                   timer.s:425
tosumula0 (mul8.o):
tosumulax (mul.o):
    fwrite.o                  common/fwrite.s:12
tosumuleax (lmul.o):
    timer.o                   timer.s:425
    timer.o                   timer.s:425
udiv16 (udiv.o):
    umod.o                    runtime/umod.s:8
    shelp.o                   runtime/shelp.s:11
udiv32 (ludiv.o):
zerobss (zerobss.o):
    crt0.o                    max6502/crt0.s:9

